
> backstage-minions@0.0.0 test
> vitest run


[1m[30m[46m RUN [49m[39m[22m [36mv4.1.4 [39m[90mC:/Users/jwent/Documents/Wenwen/Others/backstage-minions[39m
      [2mCoverage enabled with [22m[33mv8[39m

 [32mΓ£ô[39m src/components/ui/SectionHeader.test.tsx [2m([22m[2m2 tests[22m[2m)[22m[32m 85[2mms[22m[39m
 [32mΓ£ô[39m src/components/game/DialogueBox.test.tsx [2m([22m[2m1 test[22m[2m)[22m[32m 73[2mms[22m[39m
 [32mΓ£ô[39m src/components/ui/CommsTerminal.test.tsx [2m([22m[2m2 tests[22m[2m)[22m[32m 147[2mms[22m[39m
 [32mΓ£ô[39m src/components/ui/DifficultyPill.test.tsx [2m([22m[2m2 tests[22m[2m)[22m[32m 150[2mms[22m[39m
 [31mΓ¥»[39m src/components/game/DialogueBox.edge.test.tsx [2m([22m[2m4 tests[22m[2m | [22m[31m2 failed[39m[2m)[22m[32m 164[2mms[22m[39m
     [32mΓ£ô[39m renders with empty speaker name[32m 119[2mms[22m[39m
[31m     [31m├ù[31m renders with empty dialogue text[39m[32m 25[2mms[22m[39m
[31m     [31m├ù[31m renders with choices[39m[32m 9[2mms[22m[39m
     [32mΓ£ô[39m renders with icon[32m 7[2mms[22m[39m
 [32mΓ£ô[39m src/components/ui/Spinner.test.tsx [2m([22m[2m1 test[22m[2m)[22m[32m 95[2mms[22m[39m
node.exe : [90mstderr[2m | src/components/ui/NavBar.test.tsx[2m > 
[22m[2mNavBar Component[2m > [22m[2mrenders all navigation tabs
At line:1 char:1
+ & "C:\Program Files\nodejs/node.exe" "C:\Program Files\nodejs/node_mo ...
+ ~~~~~~~~~~~~~~~~~~~~~~~~~~~~~~~~~~~~~~~~~~~~~~~~~~~~~~~~~~~~~~~~~~~~~
    + CategoryInfo          : NotSpecified: ([90mstderr[2m...navigation tabs 
   :String) [], RemoteException
    + FullyQualifiedErrorId : NativeCommandError
 
[22m[39mΓÜá∩╕Å React Router Future Flag Warning: React Router will begin 
wrapping state updates in `React.startTransition` in v7. You can use the 
`v7_startTransition` future flag to opt-in early. For more information, see 
https://reactrouter.com/v6/upgrading/future#v7_starttransition.
ΓÜá∩╕Å React Router Future Flag Warning: Relative route resolution within 
Splat routes is changing in v7. You can use the `v7_relativeSplatPath` future 
flag to opt-in early. For more information, see 
https://reactrouter.com/v6/upgrading/future#v7_relativesplatpath.

 [32mΓ£ô[39m src/components/ui/StatBar.test.tsx [2m([22m[2m1 test[22m[2m)[22m[32m 201[2mms[22m[39m
[90mstderr[2m | src/pages/LevelFailedPage.test.tsx[2m > 
[22m[2mLevelFailedPage[2m > [22m[2mrenders the failure message and 
handles returning to dashboard
[22m[39mΓÜá∩╕Å React Router Future Flag Warning: React Router will begin 
wrapping state updates in `React.startTransition` in v7. You can use the 
`v7_startTransition` future flag to opt-in early. For more information, see 
https://reactrouter.com/v6/upgrading/future#v7_starttransition.
ΓÜá∩╕Å React Router Future Flag Warning: Relative route resolution within 
Splat routes is changing in v7. You can use the `v7_relativeSplatPath` future 
flag to opt-in early. For more information, see 
https://reactrouter.com/v6/upgrading/future#v7_relativesplatpath.

[90mstderr[2m | src/pages/HomePage.test.tsx[2m > [22m[2mHomePage[2m > 
[22m[2mskips boot sequence for returning players
[22m[39mΓÜá∩╕Å React Router Future Flag Warning: React Router will begin 
wrapping state updates in `React.startTransition` in v7. You can use the 
`v7_startTransition` future flag to opt-in early. For more information, see 
https://reactrouter.com/v6/upgrading/future#v7_starttransition.
ΓÜá∩╕Å React Router Future Flag Warning: Relative route resolution within 
Splat routes is changing in v7. You can use the `v7_relativeSplatPath` future 
flag to opt-in early. For more information, see 
https://reactrouter.com/v6/upgrading/future#v7_relativesplatpath.

 [32mΓ£ô[39m src/components/ui/HardwarePanel.test.tsx [2m([22m[2m3 tests[22m[2m)[22m[33m 309[2mms[22m[39m
[90mstderr[2m | src/pages/SelectCharacterPage.test.tsx[2m > 
[22m[2mSelectCharacterPage Component[2m > [22m[2mrenders character 
selection page
[22m[39mΓÜá∩╕Å React Router Future Flag Warning: React Router will begin 
wrapping state updates in `React.startTransition` in v7. You can use the 
`v7_startTransition` future flag to opt-in early. For more information, see 
https://reactrouter.com/v6/upgrading/future#v7_starttransition.
ΓÜá∩╕Å React Router Future Flag Warning: Relative route resolution within 
Splat routes is changing in v7. You can use the `v7_relativeSplatPath` future 
flag to opt-in early. For more information, see 
https://reactrouter.com/v6/upgrading/future#v7_relativesplatpath.

[90mstderr[2m | src/pages/ProductionsPage.test.tsx[2m > 
[22m[2mProductionsPage Component[2m > [22m[2mrenders production page
[22m[39mΓÜá∩╕Å React Router Future Flag Warning: React Router will begin 
wrapping state updates in `React.startTransition` in v7. You can use the 
`v7_startTransition` future flag to opt-in early. For more information, see 
https://reactrouter.com/v6/upgrading/future#v7_starttransition.
ΓÜá∩╕Å React Router Future Flag Warning: Relative route resolution within 
Splat routes is changing in v7. You can use the `v7_relativeSplatPath` future 
flag to opt-in early. For more information, see 
https://reactrouter.com/v6/upgrading/future#v7_relativesplatpath.

 [31mΓ¥»[39m src/pages/NetworksPage.test.tsx [2m([22m[2m3 tests[22m[2m | [22m[31m3 failed[39m[2m)[22m[32m 103[2mms[22m[39m
[31m     [31m├ù[31m renders networks page[39m[32m 58[2mms[22m[39m
[31m     [31m├ù[31m displays page title or heading[39m[32m 11[2mms[22m[39m
[31m     [31m├ù[31m renders without crashing[39m[32m 31[2mms[22m[39m
 [32mΓ£ô[39m src/components/ui/MasterControl.test.tsx [2m([22m[2m2 tests[22m[2m)[22m[33m 387[2mms[22m[39m
     [33m[2mΓ£ô[22m[39m calls onGo when clicked and not disabled [33m 345[2mms[22m[39m
 [32mΓ£ô[39m src/components/ui/Button.test.tsx [2m([22m[2m3 tests[22m[2m)[22m[33m 541[2mms[22m[39m
     [33m[2mΓ£ô[22m[39m renders children correctly [33m 441[2mms[22m[39m
 [31mΓ¥»[39m src/components/ui/CueStack.test.tsx [2m([22m[2m5 tests[22m[2m | [22m[31m4 failed[39m[2m)[22m[33m 439[2mms[22m[39m
     [32mΓ£ô[39m renders cue stack table[32m 286[2mms[22m[39m
[31m     [31m├ù[31m displays all cues in the table[39m[32m 25[2mms[22m[39m
[31m     [31m├ù[31m renders with empty cues array[39m[32m 51[2mms[22m[39m
[31m     [31m├ù[31m displays table headers[39m[32m 15[2mms[22m[39m
[31m     [31m├ù[31m handles current cue index[39m[32m 59[2mms[22m[39m
 [31mΓ¥»[39m src/components/ui/SettingsPanel.test.tsx [2m([22m[2m3 tests[22m[2m | [22m[31m2 failed[39m[2m)[22m[33m 508[2mms[22m[39m
     [33m[2mΓ£ô[22m[39m renders settings panel [33m 362[2mms[22m[39m
[31m     [31m├ù[31m renders with proper attributes[39m[32m 77[2mms[22m[39m
[31m     [31m├ù[31m renders without error when onClose is undefined[39m[32m 66[2mms[22m[39m
 [32mΓ£ô[39m src/pages/LevelFailedPage.test.tsx [2m([22m[2m1 test[22m[2m)[22m[32m 144[2mms[22m[39m
 [32mΓ£ô[39m src/pages/HomePage.test.tsx [2m([22m[2m3 tests[22m[2m)[22m[32m 245[2mms[22m[39m
 [31mΓ¥»[39m src/pages/SelectCharacterPage.test.tsx [2m([22m[2m2 tests[22m[2m | [22m[31m1 failed[39m[2m)[22m[32m 293[2mms[22m[39m
[31m     [31m├ù[31m renders character selection page[39m[32m 285[2mms[22m[39m
     [32mΓ£ô[39m renders without crashing[32m 6[2mms[22m[39m
 [31mΓ¥»[39m src/pages/ProductionsPage.test.tsx [2m([22m[2m2 tests[22m[2m | [22m[31m1 failed[39m[2m)[22m[32m 292[2mms[22m[39m
[31m     [31m├ù[31m renders production page[39m[32m 285[2mms[22m[39m
     [32mΓ£ô[39m renders without crashing with no data[32m 4[2mms[22m[39m
 [31mΓ¥»[39m src/components/ui/NavBar.test.tsx [2m([22m[2m8 tests[22m[2m | [22m[31m1 failed[39m[2m)[22m[33m 537[2mms[22m[39m
     [32mΓ£ô[39m renders all navigation tabs[32m 71[2mms[22m[39m
     [32mΓ£ô[39m renders settings button[32m 10[2mms[22m[39m
     [32mΓ£ô[39m renders navigation icons[32m 251[2mms[22m[39m
     [32mΓ£ô[39m shows settings panel when settings button is clicked[32m 39[2mms[22m[39m
     [32mΓ£ô[39m closes settings panel when backdrop is clicked[32m 18[2mms[22m[39m
     [32mΓ£ô[39m closes settings panel when Escape key is pressed[32m 15[2mms[22m[39m
[31m     [31m├ù[31m closes settings panel when onClose callback is called[39m[32m 122[2mms[22m[39m
     [32mΓ£ô[39m does not add keydown listener when settings are closed[32m 8[2mms[22m[39m
[90mstderr[2m | src/pages/StoriesPage.test.tsx[2m > [22m[2mStoriesPage 
Component[2m > [22m[2mrenders stories page
[22m[39mΓÜá∩╕Å React Router Future Flag Warning: React Router will begin 
wrapping state updates in `React.startTransition` in v7. You can use the 
`v7_startTransition` future flag to opt-in early. For more information, see 
https://reactrouter.com/v6/upgrading/future#v7_starttransition.
ΓÜá∩╕Å React Router Future Flag Warning: Relative route resolution within 
Splat routes is changing in v7. You can use the `v7_relativeSplatPath` future 
flag to opt-in early. For more information, see 
https://reactrouter.com/v6/upgrading/future#v7_relativesplatpath.

 [31mΓ¥»[39m src/pages/StoriesPage.test.tsx [2m([22m[2m2 tests[22m[2m | [22m[31m1 failed[39m[2m)[22m[33m 506[2mms[22m[39m
[31m     [31m├ù[31m renders stories page[39m[33m 492[2mms[22m[39m
     [32mΓ£ô[39m renders without crashing[32m 11[2mms[22m[39m
 [32mΓ£ô[39m src/utils/scoringEngine.test.ts [2m([22m[2m6 tests[22m[2m)[22m[32m 4[2mms[22m[39m
 [32mΓ£ô[39m src/context/gameReducer.test.ts [2m([22m[2m5 tests[22m[2m)[22m[32m 8[2mms[22m[39m
 [32mΓ£ô[39m src/utils/levelFlowEngine.test.ts [2m([22m[2m3 tests[22m[2m)[22m[32m 5[2mms[22m[39m
 [32mΓ£ô[39m src/hooks/useGameData.test.ts [2m([22m[2m7 tests[22m[2m)[22m[32m 30[2mms[22m[39m
 [32mΓ£ô[39m src/components/game/OverworldStage/useQuests.test.ts [2m([22m[2m3 tests[22m[2m)[22m[32m 25[2mms[22m[39m
 [32mΓ£ô[39m src/hooks/useKeypress.test.ts [2m([22m[2m3 tests[22m[2m)[22m[32m 25[2mms[22m[39m
 [32mΓ£ô[39m src/components/ui/DepartmentBadge.test.tsx [2m([22m[2m2 tests[22m[2m)[22m[32m 65[2mms[22m[39m
 [32mΓ£ô[39m src/utils/objectiveEngine.test.ts [2m([22m[2m4 tests[22m[2m)[22m[32m 4[2mms[22m[39m

[31mΓÄ»ΓÄ»ΓÄ»ΓÄ»ΓÄ»ΓÄ»[39m[1m[41m Failed Tests 15 
[49m[22m[31mΓÄ»ΓÄ»ΓÄ»ΓÄ»ΓÄ»ΓÄ»ΓÄ»[39m

[41m[1m FAIL [22m[49m src/pages/NetworksPage.test.tsx[2m > 
[22mNetworksPage Component[2m > [22mrenders networks page
[41m[1m FAIL [22m[49m src/pages/NetworksPage.test.tsx[2m > 
[22mNetworksPage Component[2m > [22mdisplays page title or heading
[31m[1mTypeError[22m: state.contacts is not iterable[39m
[36m [2mΓ¥»[22m NetworksPage src/pages/NetworksPage.tsx:[2m39:52[22m[39m
    [90m 37|[39m   [35mconst[39m [activeChat[33m,[39m setActiveChat] 
[33m=[39m useState[33m<[39mstring [33m|[39m 
[35mnull[39m[33m>[39m([35mnull[39m)[33m;[39m
    [90m 38|[39m
    [90m 39|[39m   [35mconst[39m availableContacts [33m=[39m 
[[32m"sys_comms"[39m[33m,[39m [33m...[39mstate[33m.[39mcontacts]
    [90m   |[39m                                                    
[31m^[39m
    [90m 40|[39m     [33m.[39m[34mmap[39m((id) [33m=>[39m {
    [90m 41|[39m       [35mif[39m (id [33m===[39m [32m"sys_comms"[39m) 
{
[90m [2mΓ¥»[22m Object.react_stack_bottom_frame node_modules/react-dom/cjs/r
eact-dom-client.development.js:[2m25904:20[22m[39m
[90m [2mΓ¥»[22m renderWithHooks node_modules/react-dom/cjs/react-dom-client.
development.js:[2m7662:22[22m[39m
[90m [2mΓ¥»[22m updateFunctionComponent node_modules/react-dom/cjs/react-dom
-client.development.js:[2m10166:19[22m[39m
[90m [2mΓ¥»[22m beginWork node_modules/react-dom/cjs/react-dom-client.develo
pment.js:[2m11778:18[22m[39m
[90m [2mΓ¥»[22m runWithFiberInDEV 
node_modules/react-dom/cjs/react-dom-client.development.js:[2m874:13[22m[39m
[90m [2mΓ¥»[22m performUnitOfWork node_modules/react-dom/cjs/react-dom-clien
t.development.js:[2m17641:22[22m[39m
[90m [2mΓ¥»[22m workLoopSync node_modules/react-dom/cjs/react-dom-client.dev
elopment.js:[2m17469:41[22m[39m
[90m [2mΓ¥»[22m renderRootSync node_modules/react-dom/cjs/react-dom-client.d
evelopment.js:[2m17450:11[22m[39m
[90m [2mΓ¥»[22m performWorkOnRoot node_modules/react-dom/cjs/react-dom-clien
t.development.js:[2m16583:35[22m[39m

[31m[2mΓÄ»ΓÄ»ΓÄ»ΓÄ»ΓÄ»ΓÄ»ΓÄ»ΓÄ»ΓÄ»ΓÄ»ΓÄ»ΓÄ»ΓÄ»ΓÄ»ΓÄ»ΓÄ»ΓÄ»ΓÄ»ΓÄ»ΓÄ»ΓÄ»ΓÄ»ΓÄ»[
1/15]ΓÄ»[22m[39m

[41m[1m FAIL [22m[49m src/pages/NetworksPage.test.tsx[2m > 
[22mNetworksPage Component[2m > [22mrenders without crashing
[31m[1mAssertionError[22m: expected [Function] to not throw an error but 
'TypeError: state.contacts is not iterΓÇª' was thrown[39m

[32m- Expected:[39m
undefined

[31m+ Received:[39m
"TypeError: state.contacts is not iterable"

[36m [2mΓ¥»[22m src/pages/NetworksPage.test.tsx:[2m35:12[22m[39m
    [90m 33|[39m     [34mexpect[39m(() [33m=>[39m {
    [90m 34|[39m       
[34mrenderWithRouter[39m([33m<[39m[33mNetworksPage[39m 
[33m/[39m[33m>[39m)[33m;[39m
    [90m 35|[39m     
})[33m.[39mnot[33m.[39m[34mtoThrow[39m()[33m;[39m
    [90m   |[39m            [31m^[39m
    [90m 36|[39m   })[33m;[39m
    [90m 37|[39m })[33m;[39m

[31m[2mΓÄ»ΓÄ»ΓÄ»ΓÄ»ΓÄ»ΓÄ»ΓÄ»ΓÄ»ΓÄ»ΓÄ»ΓÄ»ΓÄ»ΓÄ»ΓÄ»ΓÄ»ΓÄ»ΓÄ»ΓÄ»ΓÄ»ΓÄ»ΓÄ»ΓÄ»ΓÄ»[
2/15]ΓÄ»[22m[39m

[41m[1m FAIL [22m[49m src/pages/ProductionsPage.test.tsx[2m > 
[22mProductionsPage Component[2m > [22mrenders production page
[31m[1mTestingLibraryElementError[22m: Unable to find an accessible element 
with the role "region"

There are no accessible roles. But there might be some inaccessible roles. If 
you wish to access them, then set the `hidden` option to `true`. Learn more 
about this here: 
https://testing-library.com/docs/dom-testing-library/api-queries#byrole

Ignored nodes: comments, script, style
[36m<body>[31m
  [36m<div>[31m
    [36m<div[31m
      [33mclass[31m=[32m"page-container"[31m
    [36m>[31m
      [0mBriefing not found.[0m
    [36m</div>[31m
  [36m</div>[31m
[36m</body>[31m[39m
[90m [2mΓ¥»[22m Object.getElementError 
node_modules/@testing-library/dom/dist/config.js:[2m37:19[22m[39m
[90m [2mΓ¥»[22m 
node_modules/@testing-library/dom/dist/query-helpers.js:[2m76:38[22m[39m
[90m [2mΓ¥»[22m 
node_modules/@testing-library/dom/dist/query-helpers.js:[2m52:17[22m[39m
[90m [2mΓ¥»[22m 
node_modules/@testing-library/dom/dist/query-helpers.js:[2m95:19[22m[39m
[36m [2mΓ¥»[22m src/pages/ProductionsPage.test.tsx:[2m28:19[22m[39m
    [90m 26|[39m     
[34mrenderWithRouter[39m([33m<[39m[33mProductionsPage[39m 
[33m/[39m[33m>[39m)[33m;[39m
    [90m 27|[39m
    [90m 28|[39m     [34mexpect[39m(screen[33m.[39m[34mgetByRole[39m([
32m"region"[39m))[33m.[39mnot[33m.[39m[34mtoBeNull[39m()[33m;[39m
    [90m   |[39m                   [31m^[39m
    [90m 29|[39m   })[33m;[39m
    [90m 30|[39m

[31m[2mΓÄ»ΓÄ»ΓÄ»ΓÄ»ΓÄ»ΓÄ»ΓÄ»ΓÄ»ΓÄ»ΓÄ»ΓÄ»ΓÄ»ΓÄ»ΓÄ»ΓÄ»ΓÄ»ΓÄ»ΓÄ»ΓÄ»ΓÄ»ΓÄ»ΓÄ»ΓÄ»[
3/15]ΓÄ»[22m[39m

[41m[1m FAIL [22m[49m src/pages/SelectCharacterPage.test.tsx[2m > 
[22mSelectCharacterPage Component[2m > [22mrenders character selection page
[31m[1mTestingLibraryElementError[22m: Unable to find an accessible element 
with the role "region"

There are no accessible roles. But there might be some inaccessible roles. If 
you wish to access them, then set the `hidden` option to `true`. Learn more 
about this here: 
https://testing-library.com/docs/dom-testing-library/api-queries#byrole

Ignored nodes: comments, script, style
[36m<body>[31m
  [36m<div>[31m
    [36m<div[31m
      [33mclass[31m=[32m"page-container animate-flicker"[31m
    [36m>[31m
      [0mNo Personnel Found[0m
    [36m</div>[31m
  [36m</div>[31m
[36m</body>[31m[39m
[90m [2mΓ¥»[22m Object.getElementError 
node_modules/@testing-library/dom/dist/config.js:[2m37:19[22m[39m
[90m [2mΓ¥»[22m 
node_modules/@testing-library/dom/dist/query-helpers.js:[2m76:38[22m[39m
[90m [2mΓ¥»[22m 
node_modules/@testing-library/dom/dist/query-helpers.js:[2m52:17[22m[39m
[90m [2mΓ¥»[22m 
node_modules/@testing-library/dom/dist/query-helpers.js:[2m95:19[22m[39m
[36m [2mΓ¥»[22m src/pages/SelectCharacterPage.test.tsx:[2m21:19[22m[39m
    [90m 19|[39m     
[34mrenderWithRouter[39m([33m<[39m[33mSelectCharacterPage[39m 
[33m/[39m[33m>[39m)[33m;[39m
    [90m 20|[39m
    [90m 21|[39m     [34mexpect[39m(screen[33m.[39m[34mgetByRole[39m([
32m"region"[39m))[33m.[39mnot[33m.[39m[34mtoBeNull[39m()[33m;[39m
    [90m   |[39m                   [31m^[39m
    [90m 22|[39m   })[33m;[39m
    [90m 23|[39m

[31m[2mΓÄ»ΓÄ»ΓÄ»ΓÄ»ΓÄ»ΓÄ»ΓÄ»ΓÄ»ΓÄ»ΓÄ»ΓÄ»ΓÄ»ΓÄ»ΓÄ»ΓÄ»ΓÄ»ΓÄ»ΓÄ»ΓÄ»ΓÄ»ΓÄ»ΓÄ»ΓÄ»[
4/15]ΓÄ»[22m[39m

[41m[1m FAIL [22m[49m src/pages/StoriesPage.test.tsx[2m > 
[22mStoriesPage Component[2m > [22mrenders stories page
[31m[1mTestingLibraryElementError[22m[39m: Unable to find an accessible 
element with the role "region"

Here are the accessible roles:

  navigation:

  Name "":
  [36m<nav[39m
    [33mclass[39m=[32m"nav-bar"[39m
  [36m/>[39m

  --------------------------------------------------
  button:

  Name "Home":
  [36m<button[39m
    [33maria-label[39m=[32m"Home"[39m
    [33mclass[39m=[32m"nav-item active"[39m
    [33mtype[39m=[32m"button"[39m
  [36m/>[39m

  Name "Shows":
  [36m<button[39m
    [33maria-label[39m=[32m"Shows"[39m
    [33mclass[39m=[32m"nav-item "[39m
    [33mtype[39m=[32m"button"[39m
  [36m/>[39m

  Name "Stories":
  [36m<button[39m
    [33maria-label[39m=[32m"Stories"[39m
    [33mclass[39m=[32m"nav-item "[39m
    [33mtype[39m=[32m"button"[39m
  [36m/>[39m

  Name "Open visual settings":
  [36m<button[39m
    [33maria-label[39m=[32m"Open visual settings"[39m
    [33mclass[39m=[32m"nav-item"[39m
    [33mtype[39m=[32m"button"[39m
  [36m/>[39m

  --------------------------------------------------
  banner:

  Name "":
  [36m<header[39m
    [33mstyle[39m=[32m"margin-bottom: 2rem; position: relative;"[39m
  [36m/>[39m

  --------------------------------------------------
  heading:

  Name "Technical Lore":
  [36m<h1[39m
    [33mclass[39m=[32m"annotation-text"[39m
    [33mstyle[39m=[32m"font-size: 1.8rem; margin: 0px;"[39m
  [36m/>[39m

  Name "Available Records":
  [36m<h2[39m
    [33mclass[39m=[32m"annotation-text"[39m
    [33mstyle[39m=[32m"color: var(--bui-fg-success); margin-bottom: 
1rem;"[39m
  [36m/>[39m

  Name "Classified Data":
  [36m<h2[39m
    [33mclass[39m=[32m"annotation-text"[39m
    [33mstyle[39m=[32m"opacity: 0.5; margin-bottom: 1rem;"[39m
  [36m/>[39m

  Name "≡ƒöÆ The All-Black Uniform":
  [36m<h3[39m
    [33mstyle[39m=[32m"margin: 0px;"[39m
  [36m/>[39m

  Name "≡ƒöÆ The God Voice":
  [36m<h3[39m
    [33mstyle[39m=[32m"margin: 0px;"[39m
  [36m/>[39m

  Name "≡ƒöÆ The Architecture of Sound":
  [36m<h3[39m
    [33mstyle[39m=[32m"margin: 0px;"[39m
  [36m/>[39m

  Name "≡ƒöÆ The Ghost Light":
  [36m<h3[39m
    [33mstyle[39m=[32m"margin: 0px;"[39m
  [36m/>[39m

  Name "≡ƒöÆ The 10-out-of-12":
  [36m<h3[39m
    [33mstyle[39m=[32m"margin: 0px;"[39m
  [36m/>[39m

  --------------------------------------------------
  paragraph:

  Name "":
  [36m<p[39m
    [33mstyle[39m=[32m"opacity: 0.7; margin-top: 0.5rem;"[39m
  [36m/>[39m

  Name "":
  [36m<p[39m
    [33mstyle[39m=[32m"font-size: 0.75rem; margin-top: 8px;"[39m
  [36m/>[39m

  Name "":
  [36m<p[39m
    [33mstyle[39m=[32m"font-size: 0.75rem; margin-top: 8px;"[39m
  [36m/>[39m

  Name "":
  [36m<p[39m
    [33mstyle[39m=[32m"font-size: 0.75rem; margin-top: 8px;"[39m
  [36m/>[39m

  Name "":
  [36m<p[39m
    [33mstyle[39m=[32m"font-size: 0.75rem; margin-top: 8px;"[39m
  [36m/>[39m

  Name "":
  [36m<p[39m
    [33mstyle[39m=[32m"font-size: 0.75rem; margin-top: 8px;"[39m
  [36m/>[39m

  --------------------------------------------------

Ignored nodes: comments, script, style
[36m<body>[39m
  [36m<div>[39m
    [36m<div[39m
      [33mclass[39m=[32m"page-container"[39m
    [36m>[39m
      [36m<nav[39m
        [33mclass[39m=[32m"nav-bar"[39m
      [36m>[39m
        [36m<button[39m
          [33maria-label[39m=[32m"Home"[39m
          [33mclass[39m=[32m"nav-item active"[39m
          [33mtype[39m=[32m"button"[39m
        [36m>[39m
          [36m<span>[39m
            [0m≡ƒÅá[0m
          [36m</span>[39m
          [36m<span>[39m
            [0mHome[0m
          [36m</span>[39m
        [36m</button>[39m
        [36m<button[39m
          [33maria-label[39m=[32m"Shows"[39m
          [33mclass[39m=[32m"nav-item "[39m
          [33mtype[39m=[32m"button"[39m
        [36m>[39m
          [36m<span>[39m
            [0m≡ƒÄ¡[0m
          [36m</span>[39m
          [36m<span>[39m
            [0mShows[0m
          [36m</span>[39m
        [36m</button>[39m
        [36m<button[39m
          [33maria-label[39m=[32m"Stories"[39m
          [33mclass[39m=[32m"nav-item "[39m
          [33mtype[39m=[32m"button"[39m
        [36m>[39m
          [36m<span>[39m
            [0m≡ƒôÜ[0m
          [36m</span>[39m
          [36m<span>[39m
            [0mStories[0m
          [36m</span>[39m
        [36m</button>[39m
        [36m<button[39m
          [33maria-label[39m=[32m"Open visual settings"[39m
          [33mclass[39m=[32m"nav-item"[39m
          [33mtype[39m=[32m"button"[39m
        [36m>[39m
          [36m<span>[39m
            [0mΓÜÖ∩╕Å[0m
          [36m</span>[39m
          [36m<span>[39m
            [0mSettings[0m
          [36m</span>[39m
        [36m</button>[39m
      [36m</nav>[39m
      [36m<div[39m
        [33mclass[39m=[32m"content-reveal"[39m
      [36m>[39m
        [36m<header[39m
          [33mstyle[39m=[32m"margin-bottom: 2rem; position: relative;"[39m
        [36m>[39m
          [36m<div[39m
            [33mstyle[39m=[32m"display: flex; align-items: center;"[39m
          [36m>[39m
            [36m<h1[39m
              [33mclass[39m=[32m"annotation-text"[39m
              [33mstyle[39m=[32m"font-size: 1.8rem; margin: 0px;"[39m
            [36m>[39m
              [0mTechnical Lore[0m
            [36m</h1>[39m
          [36m</div>[39m
          [36m<p[39m
            [33mstyle[39m=[32m"opacity: 0.7; margin-top: 0.5rem;"[39m
          [36m>[39m
            [0mDeep dives into the technical theatre archives.[0m
          [36m</p>[39m
        [36m</header>[39m
        [36m<section[39m
          [33mstyle[39m=[32m"margin-bottom: 2.5rem;"[39m
        [36m>[39m
          [36m<h2[39m
            [33mclass[39m=[32m"annotation-text"[39m
            [33mstyle[39m=[32m"color: var(--bui-fg-success); margin-bottom: 
1rem;"[39m
          [36m>[39m
            [0mAvailable Records[0m
          [36m</h2>[39m
          [36m<div[39m
            [33mclass[39m=[32m"bento-container"[39m
          [36m/>[39m
        [36m</section>[39m
        [36m<section>[39m
          [36m<h2[39m
            [33mclass[39m=[32m"annotation-text"[39m
            [33mstyle[39m=[32m"opacity: 0.5; margin-bottom: 1rem;"[39m
          [36m>[39m
            [0mClassified Data[0m
          [36m</h2>[39m
          [36m<div[39m
            [33mclass[39m=[32m"bento-container"[39m
          [36m>[39m
            [36m<div[39m
              [33maria-disabled[39m=[32m"true"[39m
              [33maria-label[39m=[32m"Locked story: The All-Black Uniform. 
Requires school difficulty with 1 stars to unlock."[39m
              [33mclass[39m=[32m"hardware-panel  "[39m
              [33mstyle[39m=[32m"background: var(--color-surface-base); 
border: 1px solid var(--glass-border); border-radius: var(--radius-md); 
padding: 1.5rem; box-shadow: var(--shadow-md); cursor: default; transition: 
transform 0.2s ease, box-shadow 0.2s ease, border-color 0.2s ease; opacity: 
0.4;"[39m
            [36m>[39m
              [36m<h3[39m
                [33mstyle[39m=[32m"margin: 0px;"[39m
              [36m>[39m
                [0m≡ƒöÆ [0m
                [0mThe All-Black Uniform[0m
              [36m</h3>[39m
              [36m<p[39m
                [33mstyle[39m=[32m"font-size: 0.75rem; margin-top: 
8px;"[39m
              [36m>[39m
                [0mClearance: [0m
                [0mschool[0m
                [0m /[0m
                [0m [0m
                [0m1[0m
                [0mΓÿà[0m
              [36m</p>[39m
            [36m</div>[39m
            [36m<div[39m
              [33maria-disabled[39m=[32m"true"[39m
              [33maria-label[39m=[32m"Locked story: The God Voice. Requires 
school difficulty with 2 stars to unlock."[39m
              [33mclass[39m=[32m"hardware-panel  "[39m
              [33mstyle[39m=[32m"background: var(--color-surface-base); 
border: 1px solid var(--glass-border); border-radius: var(--radius-md); 
padding: 1.5rem; box-shadow: var(--shadow-md); cursor: default; transition: 
transform 0.2s ease, box-shadow 0.2s ease, border-color 0.2s ease; opacity: 
0.4;"[39m
            [36m>[39m
              [36m<h3[39m
                [33mstyle[39m=[32m"margin: 0px;"[39m
              [36m>[39m
                [0m≡ƒöÆ [0m
                [0mThe God Voice[0m
              [36m</h3>[39m
              [36m<p[39m
                [33mstyle[39m=[32m"font-size: 0.75rem; margin-top: 
8px;"[39m
              [36m>[39m
                [0mClearance: [0m
                [0mschool[0m
                [0m /[0m
                [0m [0m
                [0m2[0m
                [0mΓÿà[0m
              [36m</p>[39m
            [36m</div>[39m
            [36m<div[39m
              [33maria-disabled[39m=[32m"true"[39m
              [33maria-label[39m=[32m"Locked story: The Architecture of 
Sound. Requires community difficulty with 2 stars to unlock."[39m
              [33mclass[39m=[32m"hardware-panel  "[39m
              [33mstyle[39m=[32m"background: var(--color-surface-base); 
border: 1px solid var(--glass-border); border-radius: var(--radius-md); 
padding: 1.5rem; box-shadow: var(--shadow-md); cursor: default; transition: 
transform 0.2s ease, box-shadow 0.2s ease, border-color 0.2s ease; opacity: 
0.4;"[39m
            [36m>[39m
              [36m<h3[39m
                [33mstyle[39m=[32m"margin: 0px;"[39m
              [36m>[39m
                [0m≡ƒöÆ [0m
                [0mThe Architecture of Sound[0m
              [36m</h3>[39m
              [36m<p[39m
                [33mstyle[39m=[32m"font-size: 0.75rem; margin-top: 
8px;"[39m
              [36m>[39m
                [0mClearance: [0m
                [0mcommunity[0m
                [0m /[0m
                [0m [0m
                [0m2[0m
                [0mΓÿà[0m
              [36m</p>[39m
            [36m</div>[39m
            [36m<div[39m
              [33maria-disabled[39m=[32m"true"[39m
              [33maria-label[39m=[32m"Locked story: The Ghost Light. 
Requires professional difficulty with 3 stars to unlock."[39m
              [33mclass[39m=[32m"hardware-panel  "[39m
              [33mstyle[39m=[32m"background: var(--color-surface-base); 
border: 1px solid var(--glass-border); border-radius: var(--radius-md); 
padding: 1.5rem; box-shadow: var(--shadow-md); cursor: default; transition: 
transform 0.2s ease, box-shadow 0.2s ease, border-color 0.2s ease; opacity: 
0.4;"[39m
            [36m>[39m
              [36m<h3[39m
                [33mstyle[39m=[32m"margin: 0px;"[39m
              [36m>[39m
                [0m≡ƒöÆ [0m
                [0mThe Ghost Light[0m
              [36m</h3>[39m
              [36m<p[39m
                [33mstyle[39m=[32m"font-size: 0.75rem; margin-top: 
8px;"[39m
              [36m>[39m
                [0mClearance: [0m
                [0mprofessional[0m
                [0m /[0m
                [0m [0m
                [0m3[0m
                [0mΓÿà[0m
              [36m</p>[39m
            [36m</div>[39m
            [36m<div[39m
              [33maria-disabled[39m=[32m"true"[39m
              [33maria-label[39m=[32m"Locked story: The 10-out-of-12. 
Requires professional difficulty with 1 stars to unlock."[39m
              [33mclass[39m=[32m"hardware-panel  "[39m
              [33mstyle[39m=[32m"background: var(--color-surface-base); 
border: 1px solid var(--glass-border); border-radius: var(--radius-md); 
padding: 1.5rem; box-shadow: var(--shadow-md); cursor: default; transition: 
transform 0.2s ease, box-shadow 0.2s ease, border-color 0.2s ease; opacity: 
0.4;"[39m
            [36m>[39m
              [36m<h3[39m
                [33mstyle[39m=[32m"margin: 0px;"[39m
              [36m>[39m
                [0m≡ƒöÆ [0m
                [0mThe 10-out-of-12[0m
              [36m</h3>[39m
              [36m<p[39m
                [33mstyle[39m=[32m"font-size: 0.75rem; margin-top: 
8px;"[39m
              [36m>[39m
                [0mClearance: [0m
                [0mprofessional[0m
                [0m /[0m
                [0m [0m
                [0m1[0m
                [0mΓÿà[0m
              [36m</p>[39m
            [36m</div>[39m
          [36m</div>[39m
        [36m</section>[39m
      [36m</div>[39m
    [36m</div>[39m
  [36m</div>[39m
[36m</body>[39m
[90m [2mΓ¥»[22m Object.getElementError 
node_modules/@testing-library/dom/dist/config.js:[2m37:19[22m[39m
[90m [2mΓ¥»[22m 
node_modules/@testing-library/dom/dist/query-helpers.js:[2m76:38[22m[39m
[90m [2mΓ¥»[22m 
node_modules/@testing-library/dom/dist/query-helpers.js:[2m52:17[22m[39m
[90m [2mΓ¥»[22m 
node_modules/@testing-library/dom/dist/query-helpers.js:[2m95:19[22m[39m
[36m [2mΓ¥»[22m src/pages/StoriesPage.test.tsx:[2m20:19[22m[39m
    [90m 18|[39m     
[34mrenderWithRouter[39m([33m<[39m[33mStoriesPage[39m 
[33m/[39m[33m>[39m)[33m;[39m
    [90m 19|[39m
    [90m 20|[39m     [34mexpect[39m(screen[33m.[39m[34mgetByRole[39m([
32m"region"[39m))[33m.[39mnot[33m.[39m[34mtoBeNull[39m()[33m;[39m
    [90m   |[39m                   [31m^[39m
    [90m 21|[39m   })[33m;[39m
    [90m 22|[39m

[31m[2mΓÄ»ΓÄ»ΓÄ»ΓÄ»ΓÄ»ΓÄ»ΓÄ»ΓÄ»ΓÄ»ΓÄ»ΓÄ»ΓÄ»ΓÄ»ΓÄ»ΓÄ»ΓÄ»ΓÄ»ΓÄ»ΓÄ»ΓÄ»ΓÄ»ΓÄ»ΓÄ»[
5/15]ΓÄ»[22m[39m

[41m[1m FAIL [22m[49m src/components/game/DialogueBox.edge.test.tsx[2m > 
[22mDialogueBox - Edge Cases[2m > [22mrenders with empty dialogue text
[31m[1mTestingLibraryElementError[22m: Found multiple elements with the 
text: /alice/i

Here are the matching elements:

Ignored nodes: comments, script, style
[36m<h3[31m
  [33mclass[31m=[32m"annotation-text dialogue-box-speaker"[31m
[36m>[31m
  [0mALICE[0m
[36m</h3>[31m

Ignored nodes: comments, script, style
[36m<legend[31m
  [33mclass[31m=[32m"sr-only"[31m
[36m>[31m
  [0mAlice[0m
  [0m's dialogue choices[0m
[36m</legend>[31m

(If this is intentional, then use the `*AllBy*` variant of the query (like 
`queryAllByText`, `getAllByText`, or `findAllByText`)).

Ignored nodes: comments, script, style
[36m<body>[31m
  [36m<div>[31m
    [36m<div[31m
      [33mclass[31m=[32m"dialogue-box-container"[31m
    [36m>[31m
      [36m<div[31m
        [33maria-hidden[31m=[32m"true"[31m
        [33mclass[31m=[32m"dialogue-box-icon"[31m
      [36m>[31m
        [0m≡ƒæñ[0m
      [36m</div>[31m
      [36m<div[31m
        [33mclass[31m=[32m"dialogue-box-content"[31m
      [36m>[31m
        [36m<h3[31m
          [33mclass[31m=[32m"annotation-text dialogue-box-speaker"[31m
        [36m/>[31m
        [36m<p[31m
          [33mclass[31m=[32m"dialogue-box-text"[31m
        [36m>[31m
          [0mHello[0m
        [36m</p>[31m
        [36m<fieldset[31m
          [33mclass[31m=[32m"dialogue-box-choices"[31m
        [36m>[31m
          [36m<legend[31m
            [33mclass[31m=[32m"sr-only"[31m
          [36m>[31m
            [0m's dialogue choices[0m
          [36m</legend>[31m
          [36m<button[31m
            [33mclass[31m=[32m"dialogue-box-btn"[31m
          [36m>[31m
            [0mYes[0m
          [36m</button>[31m
          [36m<button[31m
            [33mclass[31m=[32m"dialogue-box-btn"[31m
          [36m>[31m
            [0mNo[0m
          [36m</button>[31m
        [36m</fieldset>[31m
      [36m</div>[31m
    [36m</div>[31m
  [36m</div>[31m
  [36m<div>[31m
    [36m<div[31m
      [33mclass[31m=[32m"dialogue-box-container"[31m
    [36m>[31m
      [36m<div[31m
        [33maria-hidden[31m=[32m"true"[31m
        [33mclass[31m=[32m"dialogue-box-icon"[31m
      [36m>[31m
        [0m≡ƒæñ[0m
      [36m</div>[31m
      [36m<div[31m
        [33mclass[31m=[32m"dialogue-box-content"[31m
      [36m>[31m
        [36m<h3[31m
          [33mclass[31m=[32m"annotation-text dialogue-box-speaker"[31m
        [36m>[31m
          [0mALICE[0m
        [36m</h3>[31m
        [36m<p[31m
          [33mclass[31m=[32m"dialogue-box-text"[31m
        [36m/>[31m
        [36m<fieldset[31m
          [33mclass[31m=[32m"dialogue-box-choices"[31m
        [36m>[31m
          [36m<legend[31m
            [33mclass[31m=[32m"sr-only"[31m
          [36m>[31m
            [0mAlice[0m
            [0m's dialogue choices[0m
          [36m</legend>[31m
          [36m<button[31m
            [33mclass[31m=[32m"dialogue-box-btn"[31m
          [36m>[31m
            [0mYes[0m
          [36m</button>[31m
          [36m<button[31m
            [33mclass[31m=[32m"dialogue-box-btn"[31m
          [36m>[31m
            [0mNo[0m
          [36m</button>[31m
        [36m</fieldset>[31m
      [36m</div>[31m
    [36m</div>[31m
  [36m</div>[31m
[36m</body>[31m[39m
[90m [2mΓ¥»[22m Object.getElementError 
node_modules/@testing-library/dom/dist/config.js:[2m37:19[22m[39m
[90m [2mΓ¥»[22m getElementError 
node_modules/@testing-library/dom/dist/query-helpers.js:[2m20:35[22m[39m
[90m [2mΓ¥»[22m getMultipleElementsFoundError 
node_modules/@testing-library/dom/dist/query-helpers.js:[2m23:10[22m[39m
[90m [2mΓ¥»[22m 
node_modules/@testing-library/dom/dist/query-helpers.js:[2m55:13[22m[39m
[90m [2mΓ¥»[22m 
node_modules/@testing-library/dom/dist/query-helpers.js:[2m95:19[22m[39m
[36m [2mΓ¥»[22m 
src/components/game/DialogueBox.edge.test.tsx:[2m41:19[22m[39m
    [90m 39|[39m
    [90m 40|[39m     [90m// Component should render without error[39m
    [90m 41|[39m     [34mexpect[39m(screen[33m.[39m[34mgetByText[39m([
36m/alice/i[39m))[33m.[39mnot[33m.[39m[34mtoBeNull[39m()[33m;[39m
    [90m   |[39m                   [31m^[39m
    [90m 42|[39m   })[33m;[39m
    [90m 43|[39m

[31m[2mΓÄ»ΓÄ»ΓÄ»ΓÄ»ΓÄ»ΓÄ»ΓÄ»ΓÄ»ΓÄ»ΓÄ»ΓÄ»ΓÄ»ΓÄ»ΓÄ»ΓÄ»ΓÄ»ΓÄ»ΓÄ»ΓÄ»ΓÄ»ΓÄ»ΓÄ»ΓÄ»[
6/15]ΓÄ»[22m[39m

[41m[1m FAIL [22m[49m src/components/game/DialogueBox.edge.test.tsx[2m > 
[22mDialogueBox - Edge Cases[2m > [22mrenders with choices
[31m[1mTestingLibraryElementError[22m: Found multiple elements with the 
text: /yes/i

Here are the matching elements:

Ignored nodes: comments, script, style
[36m<button[31m
  [33mclass[31m=[32m"dialogue-box-btn"[31m
[36m>[31m
  [0mYes[0m
[36m</button>[31m

Ignored nodes: comments, script, style
[36m<button[31m
  [33mclass[31m=[32m"dialogue-box-btn"[31m
[36m>[31m
  [0mYes[0m
[36m</button>[31m

Ignored nodes: comments, script, style
[36m<button[31m
  [33mclass[31m=[32m"dialogue-box-btn"[31m
[36m>[31m
  [0mYes[0m
[36m</button>[31m

(If this is intentional, then use the `*AllBy*` variant of the query (like 
`queryAllByText`, `getAllByText`, or `findAllByText`)).

Ignored nodes: comments, script, style
[36m<body>[31m
  [36m<div>[31m
    [36m<div[31m
      [33mclass[31m=[32m"dialogue-box-container"[31m
    [36m>[31m
      [36m<div[31m
        [33maria-hidden[31m=[32m"true"[31m
        [33mclass[31m=[32m"dialogue-box-icon"[31m
      [36m>[31m
        [0m≡ƒæñ[0m
      [36m</div>[31m
      [36m<div[31m
        [33mclass[31m=[32m"dialogue-box-content"[31m
      [36m>[31m
        [36m<h3[31m
          [33mclass[31m=[32m"annotation-text dialogue-box-speaker"[31m
        [36m/>[31m
        [36m<p[31m
          [33mclass[31m=[32m"dialogue-box-text"[31m
        [36m>[31m
          [0mHello[0m
        [36m</p>[31m
        [36m<fieldset[31m
          [33mclass[31m=[32m"dialogue-box-choices"[31m
        [36m>[31m
          [36m<legend[31m
            [33mclass[31m=[32m"sr-only"[31m
          [36m>[31m
            [0m's dialogue choices[0m
          [36m</legend>[31m
          [36m<button[31m
            [33mclass[31m=[32m"dialogue-box-btn"[31m
          [36m>[31m
            [0mYes[0m
          [36m</button>[31m
          [36m<button[31m
            [33mclass[31m=[32m"dialogue-box-btn"[31m
          [36m>[31m
            [0mNo[0m
          [36m</button>[31m
        [36m</fieldset>[31m
      [36m</div>[31m
    [36m</div>[31m
  [36m</div>[31m
  [36m<div>[31m
    [36m<div[31m
      [33mclass[31m=[32m"dialogue-box-container"[31m
    [36m>[31m
      [36m<div[31m
        [33maria-hidden[31m=[32m"true"[31m
        [33mclass[31m=[32m"dialogue-box-icon"[31m
      [36m>[31m
        [0m≡ƒæñ[0m
      [36m</div>[31m
      [36m<div[31m
        [33mclass[31m=[32m"dialogue-box-content"[31m
      [36m>[31m
        [36m<h3[31m
          [33mclass[31m=[32m"annotation-text dialogue-box-speaker"[31m
        [36m>[31m
          [0mALICE[0m
        [36m</h3>[31m
        [36m<p[31m
          [33mclass[31m=[32m"dialogue-box-text"[31m
        [36m/>[31m
        [36m<fieldset[31m
          [33mclass[31m=[32m"dialogue-box-choices"[31m
        [36m>[31m
          [36m<legend[31m
            [33mclass[31m=[32m"sr-only"[31m
          [36m>[31m
            [0mAlice[0m
            [0m's dialogue choices[0m
          [36m</legend>[31m
          [36m<button[31m
            [33mclass[31m=[32m"dialogue-box-btn"[31m
          [36m>[31m
            [0mYes[0m
          [36m</button>[31m
          [36m<button[31m
            [33mclass[31m=[32m"dialogue-box-btn"[31m
          [36m>[31m
            [0mNo[0m
          [36m</button>[31m
        [36m</fieldset>[31m
      [36m</div>[31m
    [36m</div>[31m
  [36m</div>[31m
  [36m<div>[31m
    [36m<div[31m
      [33mclass[31m=[32m"dialogue-box-container"[31m
    [36m>[31m
      [36m<div[31m
        [33maria-hidden[31m=[32m"true"[31m
        [33mclass[31m=[32m"dialogue-box-icon"[31m
      [36m>[31m
        [0m≡ƒæñ[0m
      [36m</div>[31m
      [36m<div[31m
        [33mclass[31m=[32m"dialogue-box-content"[31m
      [36m>[31m
        [36m<h3[31m
          [33mclass[31m=[32m"annotation-text dialogue-box-speaker"[31m
        [36m>[31m
          [0mBOB[0m
        [36m</h3>[31m
        [36m<p[31m
          [33mclass[31m=[32m"dialogue-box-text"[31m
        [36m>[31m
          [0mWhat do you choose?[0m
        [36m</p>[31m
        [36m<fieldset[31m
          [33mclass[31m=[32m"dialogue-box-choices"[31m
        [36m>[31m
          [36m<legend[31m
            [33mclass[31m=[32m"sr-only"[31m
          [36m>[31m
            [0mBob[0m
            [0m's dialogue choices[0m
          [36m</legend>[31m
          [36m<button[31m
            [33mclass[31m=[32m"dialogue-box-btn"[31m
          [36m>[31m
            [0mYes[0m
          [36m</button>[31m
          [36m<button[31m
            [33mclass[31m=[32m"dialogue-box-btn"[31m
          [36m>[31m
            [0mNo[0m
          [36m</button>[31m
        [36m</fieldset>[31m
      [36m</div>[31m
    [36m</div>[31m
  [36m</div>[31m
[36m</body>[31m[39m
[90m [2mΓ¥»[22m Object.getElementError 
node_modules/@testing-library/dom/dist/config.js:[2m37:19[22m[39m
[90m [2mΓ¥»[22m getElementError 
node_modules/@testing-library/dom/dist/query-helpers.js:[2m20:35[22m[39m
[90m [2mΓ¥»[22m getMultipleElementsFoundError 
node_modules/@testing-library/dom/dist/query-helpers.js:[2m23:10[22m[39m
[90m [2mΓ¥»[22m 
node_modules/@testing-library/dom/dist/query-helpers.js:[2m55:13[22m[39m
[90m [2mΓ¥»[22m 
node_modules/@testing-library/dom/dist/query-helpers.js:[2m95:19[22m[39m
[36m [2mΓ¥»[22m 
src/components/game/DialogueBox.edge.test.tsx:[2m54:19[22m[39m
    [90m 52|[39m     )[33m;[39m
    [90m 53|[39m
    [90m 54|[39m     [34mexpect[39m(screen[33m.[39m[34mgetByText[39m([
36m/yes/i[39m))[33m.[39mnot[33m.[39m[34mtoBeNull[39m()[33m;[39m
    [90m   |[39m                   [31m^[39m
    [90m 55|[39m     [34mexpect[39m(screen[33m.[39m[34mgetByText[39m([
36m/no/i[39m))[33m.[39mnot[33m.[39m[34mtoBeNull[39m()[33m;[39m
    [90m 56|[39m   })[33m;[39m

[31m[2mΓÄ»ΓÄ»ΓÄ»ΓÄ»ΓÄ»ΓÄ»ΓÄ»ΓÄ»ΓÄ»ΓÄ»ΓÄ»ΓÄ»ΓÄ»ΓÄ»ΓÄ»ΓÄ»ΓÄ»ΓÄ»ΓÄ»ΓÄ»ΓÄ»ΓÄ»ΓÄ»[
7/15]ΓÄ»[22m[39m

[41m[1m FAIL [22m[49m src/components/ui/CueStack.test.tsx[2m > 
[22mCueStack Component[2m > [22mdisplays all cues in the table
[31m[1mTestingLibraryElementError[22m[39m: Found multiple elements with 
the text: /cue-1/i

Here are the matching elements:

Ignored nodes: comments, script, style
[36m<td[39m
  [33mstyle[39m=[32m"padding: 0.75rem 0px;"[39m
[36m>[39m
  [0mcue-1[0m
[36m</td>[39m

Ignored nodes: comments, script, style
[36m<td[39m
  [33mstyle[39m=[32m"padding: 0.75rem 0px;"[39m
[36m>[39m
  [0mcue-1[0m
[36m</td>[39m

(If this is intentional, then use the `*AllBy*` variant of the query (like 
`queryAllByText`, `getAllByText`, or `findAllByText`)).

Ignored nodes: comments, script, style
[36m<body>[39m
  [36m<div>[39m
    [36m<div[39m
      [33mclass[39m=[32m"console-screen"[39m
    [36m>[39m
      [36m<table[39m
        [33mstyle[39m=[32m"width: 100%; border-collapse: collapse;"[39m
      [36m>[39m
        [36m<thead>[39m
          [36m<tr[39m
            [33mstyle[39m=[32m"color: rgb(102, 102, 102); text-align: left; 
border-bottom: 1px solid rgb(34, 34, 34);"[39m
          [36m>[39m
            [36m<th[39m
              [33mstyle[39m=[32m"padding: 0.5rem 0px;"[39m
            [36m>[39m
              [0mCUE[0m
            [36m</th>[39m
            [36m<th>[39m
              [0mLABEL[0m
            [36m</th>[39m
            [36m<th[39m
              [33mstyle[39m=[32m"text-align: right;"[39m
            [36m>[39m
              [0mSTATUS[0m
            [36m</th>[39m
          [36m</tr>[39m
        [36m</thead>[39m
        [36m<tbody>[39m
          [36m<tr[39m
            [33mclass[39m=[32m""[39m
            [33mstyle[39m=[32m"background: rgba(56, 189, 248, 0.1); 
transition: background 0.4s ease;"[39m
          [36m>[39m
            [36m<td[39m
              [33mstyle[39m=[32m"padding: 0.75rem 0px;"[39m
            [36m>[39m
              [0mcue-1[0m
            [36m</td>[39m
            [36m<td />[39m
            [36m<td[39m
              [33mstyle[39m=[32m"text-align: right; font-weight: bold;"[39m
            [36m>[39m
              [36m<span[39m
                [33mclass[39m=[32m"animate-flicker"[39m
              [36m>[39m
                [0mSTANDBY[0m
              [36m</span>[39m
            [36m</td>[39m
          [36m</tr>[39m
          [36m<tr[39m
            [33mclass[39m=[32m""[39m
            [33mstyle[39m=[32m"background: transparent; transition: 
background 0.4s ease;"[39m
          [36m>[39m
            [36m<td[39m
              [33mstyle[39m=[32m"padding: 0.75rem 0px;"[39m
            [36m>[39m
              [0mcue-2[0m
            [36m</td>[39m
            [36m<td />[39m
            [36m<td[39m
              [33mstyle[39m=[32m"text-align: right; font-weight: bold;"[39m
            [36m>[39m
              [0m-[0m
            [36m</td>[39m
          [36m</tr>[39m
        [36m</tbody>[39m
      [36m</table>[39m
    [36m</div>[39m
  [36m</div>[39m
  [36m<div>[39m
    [36m<div[39m
      [33mclass[39m=[32m"console-screen"[39m
    [36m>[39m
      [36m<table[39m
        [33mstyle[39m=[32m"width: 100%; border-collapse: collapse;"[39m
      [36m>[39m
        [36m<thead>[39m
          [36m<tr[39m
            [33mstyle[39m=[32m"color: rgb(102, 102, 102); text-align: left; 
border-bottom: 1px solid rgb(34, 34, 34);"[39m
          [36m>[39m
            [36m<th[39m
              [33mstyle[39m=[32m"padding: 0.5rem 0px;"[39m
            [36m>[39m
              [0mCUE[0m
            [36m</th>[39m
            [36m<th>[39m
              [0mLABEL[0m
            [36m</th>[39m
            [36m<th[39m
              [33mstyle[39m=[32m"text-align: right;"[39m
            [36m>[39m
              [0mSTATUS[0m
            [36m</th>[39m
          [36m</tr>[39m
        [36m</thead>[39m
        [36m<tbody>[39m
          [36m<tr[39m
            [33mclass[39m=[32m""[39m
            [33mstyle[39m=[32m"background: rgba(56, 189, 248, 0.1); 
transition: background 0.4s ease;"[39m
          [36m>[39m
            [36m<td[39m
              [33mstyle[39m=[32m"padding: 0.75rem 0px;"[39m
            [36m>[39m
              [0mcue-1[0m
            [36m</td>[39m
            [36m<td />[39m
            [36m<td[39m
              [33mstyle[39m=[32m"text-align: right; font-weight: bold;"[39m
            [36m>[39m
              [36m<span[39m
                [33mclass[39m=[32m"animate-flicker"[39m
              [36m>[39m
                [0mSTANDBY[0m
              [36m</span>[39m
            [36m</td>[39m
          [36m</tr>[39m
          [36m<tr[39m
            [33mclass[39m=[32m""[39m
            [33mstyle[39m=[32m"background: transparent; transition: 
background 0.4s ease;"[39m
          [36m>[39m
            [36m<td[39m
              [33mstyle[39m=[32m"padding: 0.75rem 0px;"[39m
            [36m>[39m
              [0mcue-2[0m
            [36m</td>[39m
            [36m<td />[39m
            [36m<td[39m
              [33mstyle[39m=[32m"text-align: right; font-weight: bold;"[39m
            [36m>[39m
              [0m-[0m
            [36m</td>[39m
          [36m</tr>[39m
        [36m</tbody>[39m
      [36m</table>[39m
    [36m</div>[39m
  [36m</div>[39m
[36m</body>[39m
[90m [2mΓ¥»[22m Object.getElementError 
node_modules/@testing-library/dom/dist/config.js:[2m37:19[22m[39m
[90m [2mΓ¥»[22m getElementError 
node_modules/@testing-library/dom/dist/query-helpers.js:[2m20:35[22m[39m
[90m [2mΓ¥»[22m getMultipleElementsFoundError 
node_modules/@testing-library/dom/dist/query-helpers.js:[2m23:10[22m[39m
[90m [2mΓ¥»[22m 
node_modules/@testing-library/dom/dist/query-helpers.js:[2m55:13[22m[39m
[90m [2mΓ¥»[22m 
node_modules/@testing-library/dom/dist/query-helpers.js:[2m95:19[22m[39m
[36m [2mΓ¥»[22m src/components/ui/CueStack.test.tsx:[2m32:19[22m[39m
    [90m 30|[39m     [34mrender[39m([33m<[39m[33mCueStack[39m 
[33mcues[39m[33m=[39m[33m{[39mmockCues[33m}[39m 
[33mcurrentIndex[39m[33m=[39m[33m{[39m[34m0[39m[33m}[39m 
[33m/[39m[33m>[39m)[33m;[39m
    [90m 31|[39m
    [90m 32|[39m     [34mexpect[39m(screen[33m.[39m[34mgetByText[39m([
36m/cue-1/i[39m))[33m.[39mnot[33m.[39m[34mtoBeNull[39m()[33m;[39m
    [90m   |[39m                   [31m^[39m
    [90m 33|[39m     [34mexpect[39m(screen[33m.[39m[34mgetByText[39m([
36m/cue-2/i[39m))[33m.[39mnot[33m.[39m[34mtoBeNull[39m()[33m;[39m
    [90m 34|[39m   })[33m;[39m

[31m[2mΓÄ»ΓÄ»ΓÄ»ΓÄ»ΓÄ»ΓÄ»ΓÄ»ΓÄ»ΓÄ»ΓÄ»ΓÄ»ΓÄ»ΓÄ»ΓÄ»ΓÄ»ΓÄ»ΓÄ»ΓÄ»ΓÄ»ΓÄ»ΓÄ»ΓÄ»ΓÄ»[
8/15]ΓÄ»[22m[39m

[41m[1m FAIL [22m[49m src/components/ui/CueStack.test.tsx[2m > 
[22mCueStack Component[2m > [22mrenders with empty cues array
[31m[1mTestingLibraryElementError[22m[39m: Found multiple elements with 
the role "table"

Here are the matching elements:

Ignored nodes: comments, script, style
[36m<table[39m
  [33mstyle[39m=[32m"width: 100%; border-collapse: collapse;"[39m
[36m>[39m
  [36m<thead>[39m
    [36m<tr[39m
      [33mstyle[39m=[32m"color: rgb(102, 102, 102); text-align: left; 
border-bottom: 1px solid rgb(34, 34, 34);"[39m
    [36m>[39m
      [36m<th[39m
        [33mstyle[39m=[32m"padding: 0.5rem 0px;"[39m
      [36m>[39m
        [0mCUE[0m
      [36m</th>[39m
      [36m<th>[39m
        [0mLABEL[0m
      [36m</th>[39m
      [36m<th[39m
        [33mstyle[39m=[32m"text-align: right;"[39m
      [36m>[39m
        [0mSTATUS[0m
      [36m</th>[39m
    [36m</tr>[39m
  [36m</thead>[39m
  [36m<tbody>[39m
    [36m<tr[39m
      [33mclass[39m=[32m""[39m
      [33mstyle[39m=[32m"background: rgba(56, 189, 248, 0.1); transition: 
background 0.4s ease;"[39m
    [36m>[39m
      [36m<td[39m
        [33mstyle[39m=[32m"padding: 0.75rem 0px;"[39m
      [36m>[39m
        [0mcue-1[0m
      [36m</td>[39m
      [36m<td />[39m
      [36m<td[39m
        [33mstyle[39m=[32m"text-align: right; font-weight: bold;"[39m
      [36m>[39m
        [36m<span[39m
          [33mclass[39m=[32m"animate-flicker"[39m
        [36m>[39m
          [0mSTANDBY[0m
        [36m</span>[39m
      [36m</td>[39m
    [36m</tr>[39m
    [36m<tr[39m
      [33mclass[39m=[32m""[39m
      [33mstyle[39m=[32m"background: transparent; transition: background 
0.4s ease;"[39m
    [36m>[39m
      [36m<td[39m
        [33mstyle[39m=[32m"padding: 0.75rem 0px;"[39m
      [36m>[39m
        [0mcue-2[0m
      [36m</td>[39m
      [36m<td />[39m
      [36m<td[39m
        [33mstyle[39m=[32m"text-align: right; font-weight: bold;"[39m
      [36m>[39m
        [0m-[0m
      [36m</td>[39m
    [36m</tr>[39m
  [36m</tbody>[39m
[36m</table>[39m

Ignored nodes: comments, script, style
[36m<table[39m
  [33mstyle[39m=[32m"width: 100%; border-collapse: collapse;"[39m
[36m>[39m
  [36m<thead>[39m
    [36m<tr[39m
      [33mstyle[39m=[32m"color: rgb(102, 102, 102); text-align: left; 
border-bottom: 1px solid rgb(34, 34, 34);"[39m
    [36m>[39m
      [36m<th[39m
        [33mstyle[39m=[32m"padding: 0.5rem 0px;"[39m
      [36m>[39m
        [0mCUE[0m
      [36m</th>[39m
      [36m<th>[39m
        [0mLABEL[0m
      [36m</th>[39m
      [36m<th[39m
        [33mstyle[39m=[32m"text-align: right;"[39m
      [36m>[39m
        [0mSTATUS[0m
      [36m</th>[39m
    [36m</tr>[39m
  [36m</thead>[39m
  [36m<tbody>[39m
    [36m<tr[39m
      [33mclass[39m=[32m""[39m
      [33mstyle[39m=[32m"background: rgba(56, 189, 248, 0.1); transition: 
background 0.4s ease;"[39m
    [36m>[39m
      [36m<td[39m
        [33mstyle[39m=[32m"padding: 0.75rem 0px;"[39m
      [36m>[39m
        [0mcue-1[0m
      [36m</td>[39m
      [36m<td />[39m
      [36m<td[39m
        [33mstyle[39m=[32m"text-align: right; font-weight: bold;"[39m
      [36m>[39m
        [36m<span[39m
          [33mclass[39m=[32m"animate-flicker"[39m
        [36m>[39m
          [0mSTANDBY[0m
        [36m</span>[39m
      [36m</td>[39m
    [36m</tr>[39m
    [36m<tr[39m
      [33mclass[39m=[32m""[39m
      [33mstyle[39m=[32m"background: transparent; transition: background 
0.4s ease;"[39m
    [36m>[39m
      [36m<td[39m
        [33mstyle[39m=[32m"padding: 0.75rem 0px;"[39m
      [36m>[39m
        [0mcue-2[0m
      [36m</td>[39m
      [36m<td />[39m
      [36m<td[39m
        [33mstyle[39m=[32m"text-align: right; font-weight: bold;"[39m
      [36m>[39m
        [0m-[0m
      [36m</td>[39m
    [36m</tr>[39m
  [36m</tbody>[39m
[36m</table>[39m

Ignored nodes: comments, script, style
[36m<table[39m
  [33mstyle[39m=[32m"width: 100%; border-collapse: collapse;"[39m
[36m>[39m
  [36m<thead>[39m
    [36m<tr[39m
      [33mstyle[39m=[32m"color: rgb(102, 102, 102); text-align: left; 
border-bottom: 1px solid rgb(34, 34, 34);"[39m
    [36m>[39m
      [36m<th[39m
        [33mstyle[39m=[32m"padding: 0.5rem 0px;"[39m
      [36m>[39m
        [0mCUE[0m
      [36m</th>[39m
      [36m<th>[39m
        [0mLABEL[0m
      [36m</th>[39m
      [36m<th[39m
        [33mstyle[39m=[32m"text-align: right;"[39m
      [36m>[39m
        [0mSTATUS[0m
      [36m</th>[39m
    [36m</tr>[39m
  [36m</thead>[39m
  [36m<tbody />[39m
[36m</table>[39m

(If this is intentional, then use the `*AllBy*` variant of the query (like 
`queryAllByText`, `getAllByText`, or `findAllByText`)).

Ignored nodes: comments, script, style
[36m<body>[39m
  [36m<div>[39m
    [36m<div[39m
      [33mclass[39m=[32m"console-screen"[39m
    [36m>[39m
      [36m<table[39m
        [33mstyle[39m=[32m"width: 100%; border-collapse: collapse;"[39m
      [36m>[39m
        [36m<thead>[39m
          [36m<tr[39m
            [33mstyle[39m=[32m"color: rgb(102, 102, 102); text-align: left; 
border-bottom: 1px solid rgb(34, 34, 34);"[39m
          [36m>[39m
            [36m<th[39m
              [33mstyle[39m=[32m"padding: 0.5rem 0px;"[39m
            [36m>[39m
              [0mCUE[0m
            [36m</th>[39m
            [36m<th>[39m
              [0mLABEL[0m
            [36m</th>[39m
            [36m<th[39m
              [33mstyle[39m=[32m"text-align: right;"[39m
            [36m>[39m
              [0mSTATUS[0m
            [36m</th>[39m
          [36m</tr>[39m
        [36m</thead>[39m
        [36m<tbody>[39m
          [36m<tr[39m
            [33mclass[39m=[32m""[39m
            [33mstyle[39m=[32m"background: rgba(56, 189, 248, 0.1); 
transition: background 0.4s ease;"[39m
          [36m>[39m
            [36m<td[39m
              [33mstyle[39m=[32m"padding: 0.75rem 0px;"[39m
            [36m>[39m
              [0mcue-1[0m
            [36m</td>[39m
            [36m<td />[39m
            [36m<td[39m
              [33mstyle[39m=[32m"text-align: right; font-weight: bold;"[39m
            [36m>[39m
              [36m<span[39m
                [33mclass[39m=[32m"animate-flicker"[39m
              [36m>[39m
                [0mSTANDBY[0m
              [36m</span>[39m
            [36m</td>[39m
          [36m</tr>[39m
          [36m<tr[39m
            [33mclass[39m=[32m""[39m
            [33mstyle[39m=[32m"background: transparent; transition: 
background 0.4s ease;"[39m
          [36m>[39m
            [36m<td[39m
              [33mstyle[39m=[32m"padding: 0.75rem 0px;"[39m
            [36m>[39m
              [0mcue-2[0m
            [36m</td>[39m
            [36m<td />[39m
            [36m<td[39m
              [33mstyle[39m=[32m"text-align: right; font-weight: bold;"[39m
            [36m>[39m
              [0m-[0m
            [36m</td>[39m
          [36m</tr>[39m
        [36m</tbody>[39m
      [36m</table>[39m
    [36m</div>[39m
  [36m</div>[39m
  [36m<div>[39m
    [36m<div[39m
      [33mclass[39m=[32m"console-screen"[39m
    [36m>[39m
      [36m<table[39m
        [33mstyle[39m=[32m"width: 100%; border-collapse: collapse;"[39m
      [36m>[39m
        [36m<thead>[39m
          [36m<tr[39m
            [33mstyle[39m=[32m"color: rgb(102, 102, 102); text-align: left; 
border-bottom: 1px solid rgb(34, 34, 34);"[39m
          [36m>[39m
            [36m<th[39m
              [33mstyle[39m=[32m"padding: 0.5rem 0px;"[39m
            [36m>[39m
              [0mCUE[0m
            [36m</th>[39m
            [36m<th>[39m
              [0mLABEL[0m
            [36m</th>[39m
            [36m<th[39m
              [33mstyle[39m=[32m"text-align: right;"[39m
            [36m>[39m
              [0mSTATUS[0m
            [36m</th>[39m
          [36m</tr>[39m
        [36m</thead>[39m
        [36m<tbody>[39m
          [36m<tr[39m
            [33mclass[39m=[32m""[39m
            [33mstyle[39m=[32m"background: rgba(56, 189, 248, 0.1); 
transition: background 0.4s ease;"[39m
          [36m>[39m
            [36m<td[39m
              [33mstyle[39m=[32m"padding: 0.75rem 0px;"[39m
            [36m>[39m
              [0mcue-1[0m
            [36m</td>[39m
            [36m<td />[39m
            [36m<td[39m
              [33mstyle[39m=[32m"text-align: right; font-weight: bold;"[39m
            [36m>[39m
              [36m<span[39m
                [33mclass[39m=[32m"animate-flicker"[39m
              [36m>[39m
                [0mSTANDBY[0m
              [36m</span>[39m
            [36m</td>[39m
          [36m</tr>[39m
          [36m<tr[39m
            [33mclass[39m=[32m""[39m
            [33mstyle[39m=[32m"background: transparent; transition: 
background 0.4s ease;"[39m
          [36m>[39m
            [36m<td[39m
              [33mstyle[39m=[32m"padding: 0.75rem 0px;"[39m
            [36m>[39m
              [0mcue-2[0m
            [36m</td>[39m
            [36m<td />[39m
            [36m<td[39m
              [33mstyle[39m=[32m"text-align: right; font-weight: bold;"[39m
            [36m>[39m
              [0m-[0m
            [36m</td>[39m
          [36m</tr>[39m
        [36m</tbody>[39m
      [36m</table>[39m
    [36m</div>[39m
  [36m</div>[39m
  [36m<div>[39m
    [36m<div[39m
      [33mclass[39m=[32m"console-screen"[39m
    [36m>[39m
      [36m<table[39m
        [33mstyle[39m=[32m"width: 100%; border-collapse: collapse;"[39m
      [36m>[39m
        [36m<thead>[39m
          [36m<tr[39m
            [33mstyle[39m=[32m"color: rgb(102, 102, 102); text-align: left; 
border-bottom: 1px solid rgb(34, 34, 34);"[39m
          [36m>[39m
            [36m<th[39m
              [33mstyle[39m=[32m"padding: 0.5rem 0px;"[39m
            [36m>[39m
              [0mCUE[0m
            [36m</th>[39m
            [36m<th>[39m
              [0mLABEL[0m
            [36m</th>[39m
            [36m<th[39m
              [33mstyle[39m=[32m"text-align: right;"[39m
            [36m>[39m
              [0mSTATUS[0m
            [36m</th>[39m
          [36m</tr>[39m
        [36m</thead>[39m
        [36m<tbody />[39m
      [36m</table>[39m
    [36m</div>[39m
  [36m</div>[39m
[36m</body>[39m
[90m [2mΓ¥»[22m Object.getElementError 
node_modules/@testing-library/dom/dist/config.js:[2m37:19[22m[39m
[90m [2mΓ¥»[22m getElementError 
node_modules/@testing-library/dom/dist/query-helpers.js:[2m20:35[22m[39m
[90m [2mΓ¥»[22m getMultipleElementsFoundError 
node_modules/@testing-library/dom/dist/query-helpers.js:[2m23:10[22m[39m
[90m [2mΓ¥»[22m 
node_modules/@testing-library/dom/dist/query-helpers.js:[2m55:13[22m[39m
[90m [2mΓ¥»[22m 
node_modules/@testing-library/dom/dist/query-helpers.js:[2m95:19[22m[39m
[36m [2mΓ¥»[22m src/components/ui/CueStack.test.tsx:[2m39:26[22m[39m
    [90m 37|[39m     [34mrender[39m([33m<[39m[33mCueStack[39m 
[33mcues[39m[33m=[39m[33m{[39m[][33m}[39m 
[33mcurrentIndex[39m[33m=[39m[33m{[39m[34m0[39m[33m}[39m 
[33m/[39m[33m>[39m)[33m;[39m
    [90m 38|[39m
    [90m 39|[39m     [35mconst[39m table [33m=[39m 
screen[33m.[39m[34mgetByRole[39m([32m"table"[39m)[33m;[39m
    [90m   |[39m                          [31m^[39m
    [90m 40|[39m     
[34mexpect[39m(table)[33m.[39mnot[33m.[39m[34mtoBeNull[39m()[33m;[39m
    [90m 41|[39m   })[33m;[39m

[31m[2mΓÄ»ΓÄ»ΓÄ»ΓÄ»ΓÄ»ΓÄ»ΓÄ»ΓÄ»ΓÄ»ΓÄ»ΓÄ»ΓÄ»ΓÄ»ΓÄ»ΓÄ»ΓÄ»ΓÄ»ΓÄ»ΓÄ»ΓÄ»ΓÄ»ΓÄ»ΓÄ»[
9/15]ΓÄ»[22m[39m

[41m[1m FAIL [22m[49m src/components/ui/CueStack.test.tsx[2m > 
[22mCueStack Component[2m > [22mdisplays table headers
[31m[1mTestingLibraryElementError[22m[39m: Found multiple elements with 
the text: /cue/i

Here are the matching elements:

Ignored nodes: comments, script, style
[36m<th[39m
  [33mstyle[39m=[32m"padding: 0.5rem 0px;"[39m
[36m>[39m
  [0mCUE[0m
[36m</th>[39m

Ignored nodes: comments, script, style
[36m<td[39m
  [33mstyle[39m=[32m"padding: 0.75rem 0px;"[39m
[36m>[39m
  [0mcue-1[0m
[36m</td>[39m

Ignored nodes: comments, script, style
[36m<td[39m
  [33mstyle[39m=[32m"padding: 0.75rem 0px;"[39m
[36m>[39m
  [0mcue-2[0m
[36m</td>[39m

Ignored nodes: comments, script, style
[36m<th[39m
  [33mstyle[39m=[32m"padding: 0.5rem 0px;"[39m
[36m>[39m
  [0mCUE[0m
[36m</th>[39m

Ignored nodes: comments, script, style
[36m<td[39m
  [33mstyle[39m=[32m"padding: 0.75rem 0px;"[39m
[36m>[39m
  [0mcue-1[0m
[36m</td>[39m

Ignored nodes: comments, script, style
[36m<td[39m
  [33mstyle[39m=[32m"padding: 0.75rem 0px;"[39m
[36m>[39m
  [0mcue-2[0m
[36m</td>[39m

Ignored nodes: comments, script, style
[36m<th[39m
  [33mstyle[39m=[32m"padding: 0.5rem 0px;"[39m
[36m>[39m
  [0mCUE[0m
[36m</th>[39m

Ignored nodes: comments, script, style
[36m<th[39m
  [33mstyle[39m=[32m"padding: 0.5rem 0px;"[39m
[36m>[39m
  [0mCUE[0m
[36m</th>[39m

Ignored nodes: comments, script, style
[36m<td[39m
  [33mstyle[39m=[32m"padding: 0.75rem 0px;"[39m
[36m>[39m
  [0mcue-1[0m
[36m</td>[39m

Ignored nodes: comments, script, style
[36m<td[39m
  [33mstyle[39m=[32m"padding: 0.75rem 0px;"[39m
[36m>[39m
  [0mcue-2[0m
[36m</td>[39m

(If this is intentional, then use the `*AllBy*` variant of the query (like 
`queryAllByText`, `getAllByText`, or `findAllByText`)).

Ignored nodes: comments, script, style
[36m<body>[39m
  [36m<div>[39m
    [36m<div[39m
      [33mclass[39m=[32m"console-screen"[39m
    [36m>[39m
      [36m<table[39m
        [33mstyle[39m=[32m"width: 100%; border-collapse: collapse;"[39m
      [36m>[39m
        [36m<thead>[39m
          [36m<tr[39m
            [33mstyle[39m=[32m"color: rgb(102, 102, 102); text-align: left; 
border-bottom: 1px solid rgb(34, 34, 34);"[39m
          [36m>[39m
            [36m<th[39m
              [33mstyle[39m=[32m"padding: 0.5rem 0px;"[39m
            [36m>[39m
              [0mCUE[0m
            [36m</th>[39m
            [36m<th>[39m
              [0mLABEL[0m
            [36m</th>[39m
            [36m<th[39m
              [33mstyle[39m=[32m"text-align: right;"[39m
            [36m>[39m
              [0mSTATUS[0m
            [36m</th>[39m
          [36m</tr>[39m
        [36m</thead>[39m
        [36m<tbody>[39m
          [36m<tr[39m
            [33mclass[39m=[32m""[39m
            [33mstyle[39m=[32m"background: rgba(56, 189, 248, 0.1); 
transition: background 0.4s ease;"[39m
          [36m>[39m
            [36m<td[39m
              [33mstyle[39m=[32m"padding: 0.75rem 0px;"[39m
            [36m>[39m
              [0mcue-1[0m
            [36m</td>[39m
            [36m<td />[39m
            [36m<td[39m
              [33mstyle[39m=[32m"text-align: right; font-weight: bold;"[39m
            [36m>[39m
              [36m<span[39m
                [33mclass[39m=[32m"animate-flicker"[39m
              [36m>[39m
                [0mSTANDBY[0m
              [36m</span>[39m
            [36m</td>[39m
          [36m</tr>[39m
          [36m<tr[39m
            [33mclass[39m=[32m""[39m
            [33mstyle[39m=[32m"background: transparent; transition: 
background 0.4s ease;"[39m
          [36m>[39m
            [36m<td[39m
              [33mstyle[39m=[32m"padding: 0.75rem 0px;"[39m
            [36m>[39m
              [0mcue-2[0m
            [36m</td>[39m
            [36m<td />[39m
            [36m<td[39m
              [33mstyle[39m=[32m"text-align: right; font-weight: bold;"[39m
            [36m>[39m
              [0m-[0m
            [36m</td>[39m
          [36m</tr>[39m
        [36m</tbody>[39m
      [36m</table>[39m
    [36m</div>[39m
  [36m</div>[39m
  [36m<div>[39m
    [36m<div[39m
      [33mclass[39m=[32m"console-screen"[39m
    [36m>[39m
      [36m<table[39m
        [33mstyle[39m=[32m"width: 100%; border-collapse: collapse;"[39m
      [36m>[39m
        [36m<thead>[39m
          [36m<tr[39m
            [33mstyle[39m=[32m"color: rgb(102, 102, 102); text-align: left; 
border-bottom: 1px solid rgb(34, 34, 34);"[39m
          [36m>[39m
            [36m<th[39m
              [33mstyle[39m=[32m"padding: 0.5rem 0px;"[39m
            [36m>[39m
              [0mCUE[0m
            [36m</th>[39m
            [36m<th>[39m
              [0mLABEL[0m
            [36m</th>[39m
            [36m<th[39m
              [33mstyle[39m=[32m"text-align: right;"[39m
            [36m>[39m
              [0mSTATUS[0m
            [36m</th>[39m
          [36m</tr>[39m
        [36m</thead>[39m
        [36m<tbody>[39m
          [36m<tr[39m
            [33mclass[39m=[32m""[39m
            [33mstyle[39m=[32m"background: rgba(56, 189, 248, 0.1); 
transition: background 0.4s ease;"[39m
          [36m>[39m
            [36m<td[39m
              [33mstyle[39m=[32m"padding: 0.75rem 0px;"[39m
            [36m>[39m
              [0mcue-1[0m
            [36m</td>[39m
            [36m<td />[39m
            [36m<td[39m
              [33mstyle[39m=[32m"text-align: right; font-weight: bold;"[39m
            [36m>[39m
              [36m<span[39m
                [33mclass[39m=[32m"animate-flicker"[39m
              [36m>[39m
                [0mSTANDBY[0m
              [36m</span>[39m
            [36m</td>[39m
          [36m</tr>[39m
          [36m<tr[39m
            [33mclass[39m=[32m""[39m
            [33mstyle[39m=[32m"background: transparent; transition: 
background 0.4s ease;"[39m
          [36m>[39m
            [36m<td[39m
              [33mstyle[39m=[32m"padding: 0.75rem 0px;"[39m
            [36m>[39m
              [0mcue-2[0m
            [36m</td>[39m
            [36m<td />[39m
            [36m<td[39m
              [33mstyle[39m=[32m"text-align: right; font-weight: bold;"[39m
            [36m>[39m
              [0m-[0m
            [36m</td>[39m
          [36m</tr>[39m
        [36m</tbody>[39m
      [36m</table>[39m
    [36m</div>[39m
  [36m</div>[39m
  [36m<div>[39m
    [36m<div[39m
      [33mclass[39m=[32m"console-screen"[39m
    [36m>[39m
      [36m<table[39m
        [33mstyle[39m=[32m"width: 100%; border-collapse: collapse;"[39m
      [36m>[39m
        [36m<thead>[39m
          [36m<tr[39m
            [33mstyle[39m=[32m"color: rgb(102, 102, 102); text-align: left; 
border-bottom: 1px solid rgb(34, 34, 34);"[39m
          [36m>[39m
            [36m<th[39m
              [33mstyle[39m=[32m"padding: 0.5rem 0px;"[39m
            [36m>[39m
              [0mCUE[0m
            [36m</th>[39m
            [36m<th>[39m
              [0mLABEL[0m
            [36m</th>[39m
            [36m<th[39m
              [33mstyle[39m=[32m"text-align: right;"[39m
            [36m>[39m
              [0mSTATUS[0m
            [36m</th>[39m
          [36m</tr>[39m
        [36m</thead>[39m
        [36m<tbody />[39m
      [36m</table>[39m
    [36m</div>[39m
  [36m</div>[39m
  [36m<div>[39m
    [36m<div[39m
      [33mclass[39m=[32m"console-screen"[39m
    [36m>[39m
      [36m<table[39m
        [33mstyle[39m=[32m"width: 100%; border-collapse: collapse;"[39m
      [36m>[39m
        [36m<thead>[39m
          [36m<tr[39m
            [33mstyle[39m=[32m"color: rgb(102, 102, 102); text-align: left; 
border-bottom: 1px solid rgb(34, 34, 34);"[39m
          [36m>[39m
            [36m<th[39m
              [33mstyle[39m=[32m"padding: 0.5rem 0px;"[39m
            [36m>[39m
              [0mCUE[0m
            [36m</th>[39m
            [36m<th>[39m
              [0mLABEL[0m
            [36m</th>[39m
            [36m<th[39m
              [33mstyle[39m=[32m"text-align: right;"[39m
            [36m>[39m
              [0mSTATUS[0m
            [36m</th>[39m
          [36m</tr>[39m
        [36m</thead>[39m
        [36m<tbody>[39m
          [36m<tr[39m
            [33mclass[39m=[32m""[39m
            [33mstyle[39m=[32m"background: rgba(56, 189, 248, 0.1); 
transition: background 0.4s ease;"[39m
          [36m>[39m
            [36m<td[39m
              [33mstyle[39m=[32m"padding: 0.75rem 0px;"[39m
            [36m>[39m
              [0mcue-1[0m
            [36m</td>[39m
            [36m<td />[39m
            [36m<td[39m
              [33mstyle[39m=[32m"text-align: right; font-weight: bold;"[39m
            [36m>[39m
              [36m<span[39m
                [33mclass[39m=[32m"animate-flicker"[39m
              [36m>[39m
                [0mSTANDBY[0m
              [36m</span>[39m
            [36m</td>[39m
          [36m</tr>[39m
          [36m<tr[39m
            [33mclass[39m=[32m""[39m
            [33mstyle[39m=[32m"background: transparent; transition: 
background 0.4s ease;"[39m
          [36m>[39m
            [36m<td[39m
              [33mstyle[39m=[32m"padding: 0.75rem 0px;"[39m
            [36m>[39m
              [0mcue-2[0m
            [36m</td>[39m
            [36m<td />[39m
            [36m<td[39m
              [33mstyle[39m=[32m"text-align: right; font-weight: bold;"[39m
            [36m>[39m
              [0m-[0m
            [36m</td>[39m
          [36m</tr>[39m
        [36m</tbody>[39m
      [36m</table>[39m
    [36m</div>[39m
  [36m</div>[39m
[36m</body>[39m
[90m [2mΓ¥»[22m Object.getElementError 
node_modules/@testing-library/dom/dist/config.js:[2m37:19[22m[39m
[90m [2mΓ¥»[22m getElementError 
node_modules/@testing-library/dom/dist/query-helpers.js:[2m20:35[22m[39m
[90m [2mΓ¥»[22m getMultipleElementsFoundError 
node_modules/@testing-library/dom/dist/query-helpers.js:[2m23:10[22m[39m
[90m [2mΓ¥»[22m 
node_modules/@testing-library/dom/dist/query-helpers.js:[2m55:13[22m[39m
[90m [2mΓ¥»[22m 
node_modules/@testing-library/dom/dist/query-helpers.js:[2m95:19[22m[39m
[36m [2mΓ¥»[22m src/components/ui/CueStack.test.tsx:[2m46:19[22m[39m
    [90m 44|[39m     [34mrender[39m([33m<[39m[33mCueStack[39m 
[33mcues[39m[33m=[39m[33m{[39mmockCues[33m}[39m 
[33mcurrentIndex[39m[33m=[39m[33m{[39m[34m0[39m[33m}[39m 
[33m/[39m[33m>[39m)[33m;[39m
    [90m 45|[39m
    [90m 46|[39m     [34mexpect[39m(screen[33m.[39m[34mgetByText[39m([
36m/cue/i[39m))[33m.[39mnot[33m.[39m[34mtoBeNull[39m()[33m;[39m
    [90m   |[39m                   [31m^[39m
    [90m 47|[39m     [34mexpect[39m(screen[33m.[39m[34mgetByText[39m([
36m/label/i[39m))[33m.[39mnot[33m.[39m[34mtoBeNull[39m()[33m;[39m
    [90m 48|[39m     [34mexpect[39m(screen[33m.[39m[34mgetByText[39m([
36m/status/i[39m))[33m.[39mnot[33m.[39m[34mtoBeNull[39m()[33m;[39m

[31m[2mΓÄ»ΓÄ»ΓÄ»ΓÄ»ΓÄ»ΓÄ»ΓÄ»ΓÄ»ΓÄ»ΓÄ»ΓÄ»ΓÄ»ΓÄ»ΓÄ»ΓÄ»ΓÄ»ΓÄ»ΓÄ»ΓÄ»ΓÄ»ΓÄ»ΓÄ»[10/
15]ΓÄ»[22m[39m

[41m[1m FAIL [22m[49m src/components/ui/CueStack.test.tsx[2m > 
[22mCueStack Component[2m > [22mhandles current cue index
[31m[1mTestingLibraryElementError[22m[39m: Found multiple elements with 
the role "table"

Here are the matching elements:

Ignored nodes: comments, script, style
[36m<table[39m
  [33mstyle[39m=[32m"width: 100%; border-collapse: collapse;"[39m
[36m>[39m
  [36m<thead>[39m
    [36m<tr[39m
      [33mstyle[39m=[32m"color: rgb(102, 102, 102); text-align: left; 
border-bottom: 1px solid rgb(34, 34, 34);"[39m
    [36m>[39m
      [36m<th[39m
        [33mstyle[39m=[32m"padding: 0.5rem 0px;"[39m
      [36m>[39m
        [0mCUE[0m
      [36m</th>[39m
      [36m<th>[39m
        [0mLABEL[0m
      [36m</th>[39m
      [36m<th[39m
        [33mstyle[39m=[32m"text-align: right;"[39m
      [36m>[39m
        [0mSTATUS[0m
      [36m</th>[39m
    [36m</tr>[39m
  [36m</thead>[39m
  [36m<tbody>[39m
    [36m<tr[39m
      [33mclass[39m=[32m""[39m
      [33mstyle[39m=[32m"background: rgba(56, 189, 248, 0.1); transition: 
background 0.4s ease;"[39m
    [36m>[39m
      [36m<td[39m
        [33mstyle[39m=[32m"padding: 0.75rem 0px;"[39m
      [36m>[39m
        [0mcue-1[0m
      [36m</td>[39m
      [36m<td />[39m
      [36m<td[39m
        [33mstyle[39m=[32m"text-align: right; font-weight: bold;"[39m
      [36m>[39m
        [36m<span[39m
          [33mclass[39m=[32m"animate-flicker"[39m
        [36m>[39m
          [0mSTANDBY[0m
        [36m</span>[39m
      [36m</td>[39m
    [36m</tr>[39m
    [36m<tr[39m
      [33mclass[39m=[32m""[39m
      [33mstyle[39m=[32m"background: transparent; transition: background 
0.4s ease;"[39m
    [36m>[39m
      [36m<td[39m
        [33mstyle[39m=[32m"padding: 0.75rem 0px;"[39m
      [36m>[39m
        [0mcue-2[0m
      [36m</td>[39m
      [36m<td />[39m
      [36m<td[39m
        [33mstyle[39m=[32m"text-align: right; font-weight: bold;"[39m
      [36m>[39m
        [0m-[0m
      [36m</td>[39m
    [36m</tr>[39m
  [36m</tbody>[39m
[36m</table>[39m

Ignored nodes: comments, script, style
[36m<table[39m
  [33mstyle[39m=[32m"width: 100%; border-collapse: collapse;"[39m
[36m>[39m
  [36m<thead>[39m
    [36m<tr[39m
      [33mstyle[39m=[32m"color: rgb(102, 102, 102); text-align: left; 
border-bottom: 1px solid rgb(34, 34, 34);"[39m
    [36m>[39m
      [36m<th[39m
        [33mstyle[39m=[32m"padding: 0.5rem 0px;"[39m
      [36m>[39m
        [0mCUE[0m
      [36m</th>[39m
      [36m<th>[39m
        [0mLABEL[0m
      [36m</th>[39m
      [36m<th[39m
        [33mstyle[39m=[32m"text-align: right;"[39m
      [36m>[39m
        [0mSTATUS[0m
      [36m</th>[39m
    [36m</tr>[39m
  [36m</thead>[39m
  [36m<tbody>[39m
    [36m<tr[39m
      [33mclass[39m=[32m""[39m
      [33mstyle[39m=[32m"background: rgba(56, 189, 248, 0.1); transition: 
background 0.4s ease;"[39m
    [36m>[39m
      [36m<td[39m
        [33mstyle[39m=[32m"padding: 0.75rem 0px;"[39m
      [36m>[39m
        [0mcue-1[0m
      [36m</td>[39m
      [36m<td />[39m
      [36m<td[39m
        [33mstyle[39m=[32m"text-align: right; font-weight: bold;"[39m
      [36m>[39m
        [36m<span[39m
          [33mclass[39m=[32m"animate-flicker"[39m
        [36m>[39m
          [0mSTANDBY[0m
        [36m</span>[39m
      [36m</td>[39m
    [36m</tr>[39m
    [36m<tr[39m
      [33mclass[39m=[32m""[39m
      [33mstyle[39m=[32m"background: transparent; transition: background 
0.4s ease;"[39m
    [36m>[39m
      [36m<td[39m
        [33mstyle[39m=[32m"padding: 0.75rem 0px;"[39m
      [36m>[39m
        [0mcue-2[0m
      [36m</td>[39m
      [36m<td />[39m
      [36m<td[39m
        [33mstyle[39m=[32m"text-align: right; font-weight: bold;"[39m
      [36m>[39m
        [0m-[0m
      [36m</td>[39m
    [36m</tr>[39m
  [36m</tbody>[39m
[36m</table>[39m

Ignored nodes: comments, script, style
[36m<table[39m
  [33mstyle[39m=[32m"width: 100%; border-collapse: collapse;"[39m
[36m>[39m
  [36m<thead>[39m
    [36m<tr[39m
      [33mstyle[39m=[32m"color: rgb(102, 102, 102); text-align: left; 
border-bottom: 1px solid rgb(34, 34, 34);"[39m
    [36m>[39m
      [36m<th[39m
        [33mstyle[39m=[32m"padding: 0.5rem 0px;"[39m
      [36m>[39m
        [0mCUE[0m
      [36m</th>[39m
      [36m<th>[39m
        [0mLABEL[0m
      [36m</th>[39m
      [36m<th[39m
        [33mstyle[39m=[32m"text-align: right;"[39m
      [36m>[39m
        [0mSTATUS[0m
      [36m</th>[39m
    [36m</tr>[39m
  [36m</thead>[39m
  [36m<tbody />[39m
[36m</table>[39m

Ignored nodes: comments, script, style
[36m<table[39m
  [33mstyle[39m=[32m"width: 100%; border-collapse: collapse;"[39m
[36m>[39m
  [36m<thead>[39m
    [36m<tr[39m
      [33mstyle[39m=[32m"color: rgb(102, 102, 102); text-align: left; 
border-bottom: 1px solid rgb(34, 34, 34);"[39m
    [36m>[39m
      [36m<th[39m
        [33mstyle[39m=[32m"padding: 0.5rem 0px;"[39m
      [36m>[39m
        [0mCUE[0m
      [36m</th>[39m
      [36m<th>[39m
        [0mLABEL[0m
      [36m</th>[39m
      [36m<th[39m
        [33mstyle[39m=[32m"text-align: right;"[39m
      [36m>[39m
        [0mSTATUS[0m
      [36m</th>[39m
    [36m</tr>[39m
  [36m</thead>[39m
  [36m<tbody>[39m
    [36m<tr[39m
      [33mclass[39m=[32m""[39m
      [33mstyle[39m=[32m"background: rgba(56, 189, 248, 0.1); transition: 
background 0.4s ease;"[39m
    [36m>[39m
      [36m<td[39m
        [33mstyle[39m=[32m"padding: 0.75rem 0px;"[39m
      [36m>[39m
        [0mcue-1[0m
      [36m</td>[39m
      [36m<td />[39m
      [36m<td[39m
        [33mstyle[39m=[32m"text-align: right; font-weight: bold;"[39m
      [36m>[39m
        [36m<span[39m
          [33mclass[39m=[32m"animate-flicker"[39m
        [36m>[39m
          [0mSTANDBY[0m
        [36m</span>[39m
      [36m</td>[39m
    [36m</tr>[39m
    [36m<tr[39m
      [33mclass[39m=[32m""[39m
      [33mstyle[39m=[32m"background: transparent; transition: background 
0.4s ease;"[39m
    [36m>[39m
      [36m<td[39m
        [33mstyle[39m=[32m"padding: 0.75rem 0px;"[39m
      [36m>[39m
        [0mcue-2[0m
      [36m</td>[39m
      [36m<td />[39m
      [36m<td[39m
        [33mstyle[39m=[32m"text-align: right; font-weight: bold;"[39m
      [36m>[39m
        [0m-[0m
      [36m</td>[39m
    [36m</tr>[39m
  [36m</tbody>[39m
[36m</table>[39m

Ignored nodes: comments, script, style
[36m<table[39m
  [33mstyle[39m=[32m"width: 100%; border-collapse: collapse;"[39m
[36m>[39m
  [36m<thead>[39m
    [36m<tr[39m
      [33mstyle[39m=[32m"color: rgb(102, 102, 102); text-align: left; 
border-bottom: 1px solid rgb(34, 34, 34);"[39m
    [36m>[39m
      [36m<th[39m
        [33mstyle[39m=[32m"padding: 0.5rem 0px;"[39m
      [36m>[39m
        [0mCUE[0m
      [36m</th>[39m
      [36m<th>[39m
        [0mLABEL[0m
      [36m</th>[39m
      [36m<th[39m
        [33mstyle[39m=[32m"text-align: right;"[39m
      [36m>[39m
        [0mSTATUS[0m
      [36m</th>[39m
    [36m</tr>[39m
  [36m</thead>[39m
  [36m<tbody>[39m
    [36m<tr[39m
      [33mclass[39m=[32m""[39m
      [33mstyle[39m=[32m"background: rgba(56, 189, 248, 0.1); transition: 
background 0.4s ease;"[39m
    [36m>[39m
      [36m<td[39m
        [33mstyle[39m=[32m"padding: 0.75rem 0px;"[39m
      [36m>[39m
        [0mcue-1[0m
      [36m</td>[39m
      [36m<td />[39m
      [36m<td[39m
        [33mstyle[39m=[32m"text-align: right; font-weight: bold;"[39m
      [36m>[39m
        [36m<span[39m
          [33mclass[39m=[32m"animate-flicker"[39m
        [36m>[39m
          [0mSTANDBY[0m
        [36m</span>[39m
      [36m</td>[39m
    [36m</tr>[39m
    [36m<tr[39m
      [33mclass[39m=[32m""[39m
      [33mstyle[39m=[32m"background: transparent; transition: background 
0.4s ease;"[39m
    [36m>[39m
      [36m<td[39m
        [33mstyle[39m=[32m"padding: 0.75rem 0px;"[39m
      [36m>[39m
        [0mcue-2[0m
      [36m</td>[39m
      [36m<td />[39m
      [36m<td[39m
        [33mstyle[39m=[32m"text-align: right; font-weight: bold;"[39m
      [36m>[39m
        [0m-[0m
      [36m</td>[39m
    [36m</tr>[39m
  [36m</tbody>[39m
[36m</table>[39m

(If this is intentional, then use the `*AllBy*` variant of the query (like 
`queryAllByText`, `getAllByText`, or `findAllByText`)).

Ignored nodes: comments, script, style
[36m<body>[39m
  [36m<div>[39m
    [36m<div[39m
      [33mclass[39m=[32m"console-screen"[39m
    [36m>[39m
      [36m<table[39m
        [33mstyle[39m=[32m"width: 100%; border-collapse: collapse;"[39m
      [36m>[39m
        [36m<thead>[39m
          [36m<tr[39m
            [33mstyle[39m=[32m"color: rgb(102, 102, 102); text-align: left; 
border-bottom: 1px solid rgb(34, 34, 34);"[39m
          [36m>[39m
            [36m<th[39m
              [33mstyle[39m=[32m"padding: 0.5rem 0px;"[39m
            [36m>[39m
              [0mCUE[0m
            [36m</th>[39m
            [36m<th>[39m
              [0mLABEL[0m
            [36m</th>[39m
            [36m<th[39m
              [33mstyle[39m=[32m"text-align: right;"[39m
            [36m>[39m
              [0mSTATUS[0m
            [36m</th>[39m
          [36m</tr>[39m
        [36m</thead>[39m
        [36m<tbody>[39m
          [36m<tr[39m
            [33mclass[39m=[32m""[39m
            [33mstyle[39m=[32m"background: rgba(56, 189, 248, 0.1); 
transition: background 0.4s ease;"[39m
          [36m>[39m
            [36m<td[39m
              [33mstyle[39m=[32m"padding: 0.75rem 0px;"[39m
            [36m>[39m
              [0mcue-1[0m
            [36m</td>[39m
            [36m<td />[39m
            [36m<td[39m
              [33mstyle[39m=[32m"text-align: right; font-weight: bold;"[39m
            [36m>[39m
              [36m<span[39m
                [33mclass[39m=[32m"animate-flicker"[39m
              [36m>[39m
                [0mSTANDBY[0m
              [36m</span>[39m
            [36m</td>[39m
          [36m</tr>[39m
          [36m<tr[39m
            [33mclass[39m=[32m""[39m
            [33mstyle[39m=[32m"background: transparent; transition: 
background 0.4s ease;"[39m
          [36m>[39m
            [36m<td[39m
              [33mstyle[39m=[32m"padding: 0.75rem 0px;"[39m
            [36m>[39m
              [0mcue-2[0m
            [36m</td>[39m
            [36m<td />[39m
            [36m<td[39m
              [33mstyle[39m=[32m"text-align: right; font-weight: bold;"[39m
            [36m>[39m
              [0m-[0m
            [36m</td>[39m
          [36m</tr>[39m
        [36m</tbody>[39m
      [36m</table>[39m
    [36m</div>[39m
  [36m</div>[39m
  [36m<div>[39m
    [36m<div[39m
      [33mclass[39m=[32m"console-screen"[39m
    [36m>[39m
      [36m<table[39m
        [33mstyle[39m=[32m"width: 100%; border-collapse: collapse;"[39m
      [36m>[39m
        [36m<thead>[39m
          [36m<tr[39m
            [33mstyle[39m=[32m"color: rgb(102, 102, 102); text-align: left; 
border-bottom: 1px solid rgb(34, 34, 34);"[39m
          [36m>[39m
            [36m<th[39m
              [33mstyle[39m=[32m"padding: 0.5rem 0px;"[39m
            [36m>[39m
              [0mCUE[0m
            [36m</th>[39m
            [36m<th>[39m
              [0mLABEL[0m
            [36m</th>[39m
            [36m<th[39m
              [33mstyle[39m=[32m"text-align: right;"[39m
            [36m>[39m
              [0mSTATUS[0m
            [36m</th>[39m
          [36m</tr>[39m
        [36m</thead>[39m
        [36m<tbody>[39m
          [36m<tr[39m
            [33mclass[39m=[32m""[39m
            [33mstyle[39m=[32m"background: rgba(56, 189, 248, 0.1); 
transition: background 0.4s ease;"[39m
          [36m>[39m
            [36m<td[39m
              [33mstyle[39m=[32m"padding: 0.75rem 0px;"[39m
            [36m>[39m
              [0mcue-1[0m
            [36m</td>[39m
            [36m<td />[39m
            [36m<td[39m
              [33mstyle[39m=[32m"text-align: right; font-weight: bold;"[39m
            [36m>[39m
              [36m<span[39m
                [33mclass[39m=[32m"animate-flicker"[39m
              [36m>[39m
                [0mSTANDBY[0m
              [36m</span>[39m
            [36m</td>[39m
          [36m</tr>[39m
          [36m<tr[39m
            [33mclass[39m=[32m""[39m
            [33mstyle[39m=[32m"background: transparent; transition: 
background 0.4s ease;"[39m
          [36m>[39m
            [36m<td[39m
              [33mstyle[39m=[32m"padding: 0.75rem 0px;"[39m
            [36m>[39m
              [0mcue-2[0m
            [36m</td>[39m
            [36m<td />[39m
            [36m<td[39m
              [33mstyle[39m=[32m"text-align: right; font-weight: bold;"[39m
            [36m>[39m
              [0m-[0m
            [36m</td>[39m
          [36m</tr>[39m
        [36m</tbody>[39m
      [36m</table>[39m
    [36m</div>[39m
  [36m</div>[39m
  [36m<div>[39m
    [36m<div[39m
      [33mclass[39m=[32m"console-screen"[39m
    [36m>[39m
      [36m<table[39m
        [33mstyle[39m=[32m"width: 100%; border-collapse: collapse;"[39m
      [36m>[39m
        [36m<thead>[39m
          [36m<tr[39m
            [33mstyle[39m=[32m"color: rgb(102, 102, 102); text-align: left; 
border-bottom: 1px solid rgb(34, 34, 34);"[39m
          [36m>[39m
            [36m<th[39m
              [33mstyle[39m=[32m"padding: 0.5rem 0px;"[39m
            [36m>[39m
              [0mCUE[0m
            [36m</th>[39m
            [36m<th>[39m
              [0mLABEL[0m
            [36m</th>[39m
            [36m<th[39m
              [33mstyle[39m=[32m"text-align: right;"[39m
            [36m>[39m
              [0mSTATUS[0m
            [36m</th>[39m
          [36m</tr>[39m
        [36m</thead>[39m
        [36m<tbody />[39m
      [36m</table>[39m
    [36m</div>[39m
  [36m</div>[39m
  [36m<div>[39m
    [36m<div[39m
      [33mclass[39m=[32m"console-screen"[39m
    [36m>[39m
      [36m<table[39m
        [33mstyle[39m=[32m"width: 100%; border-collapse: collapse;"[39m
      [36m>[39m
        [36m<thead>[39m
          [36m<tr[39m
            [33mstyle[39m=[32m"color: rgb(102, 102, 102); text-align: left; 
border-bottom: 1px solid rgb(34, 34, 34);"[39m
          [36m>[39m
            [36m<th[39m
              [33mstyle[39m=[32m"padding: 0.5rem 0px;"[39m
            [36m>[39m
              [0mCUE[0m
            [36m</th>[39m
            [36m<th>[39m
              [0mLABEL[0m
            [36m</th>[39m
            [36m<th[39m
              [33mstyle[39m=[32m"text-align: right;"[39m
            [36m>[39m
              [0mSTATUS[0m
            [36m</th>[39m
          [36m</tr>[39m
        [36m</thead>[39m
        [36m<tbody>[39m
          [36m<tr[39m
            [33mclass[39m=[32m""[39m
            [33mstyle[39m=[32m"background: rgba(56, 189, 248, 0.1); 
transition: background 0.4s ease;"[39m
          [36m>[39m
            [36m<td[39m
              [33mstyle[39m=[32m"padding: 0.75rem 0px;"[39m
            [36m>[39m
              [0mcue-1[0m
            [36m</td>[39m
            [36m<td />[39m
            [36m<td[39m
              [33mstyle[39m=[32m"text-align: right; font-weight: bold;"[39m
            [36m>[39m
              [36m<span[39m
                [33mclass[39m=[32m"animate-flicker"[39m
              [36m>[39m
                [0mSTANDBY[0m
              [36m</span>[39m
            [36m</td>[39m
          [36m</tr>[39m
          [36m<tr[39m
            [33mclass[39m=[32m""[39m
            [33mstyle[39m=[32m"background: transparent; transition: 
background 0.4s ease;"[39m
          [36m>[39m
            [36m<td[39m
              [33mstyle[39m=[32m"padding: 0.75rem 0px;"[39m
            [36m>[39m
              [0mcue-2[0m
            [36m</td>[39m
            [36m<td />[39m
            [36m<td[39m
              [33mstyle[39m=[32m"text-align: right; font-weight: bold;"[39m
            [36m>[39m
              [0m-[0m
            [36m</td>[39m
          [36m</tr>[39m
        [36m</tbody>[39m
      [36m</table>[39m
    [36m</div>[39m
  [36m</div>[39m
  [36m<div>[39m
    [36m<div[39m
      [33mclass[39m=[32m"console-screen"[39m
    [36m>[39m
      [36m<table[39m
        [33mstyle[39m=[32m"width: 100%; border-collapse: collapse;"[39m
      [36m>[39m
        [36m<thead>[39m
          [36m<tr[39m
            [33mstyle[39m=[32m"color: rgb(102, 102, 102); text-align: left; 
border-bottom: 1px solid rgb(34, 34, 34);"[39m
          [36m>[39m
            [36m<th[39m
              [33mstyle[39m=[32m"padding: 0.5rem 0px;"[39m
            [36m>[39m
              [0mCUE[0m
            [36m</th>[39m
            [36m<th>[39m
              [0mLABEL[0m
            [36m</th>[39m
            [36m<th[39m
              [33mstyle[39m=[32m"text-align: right;"[39m
            [36m>[39m
              [0mSTATUS[0m
            [36m</th>[39m
          [36m</tr>[39m
        [36m</thead>[39m
        [36m<tbody>[39m
          [36m<tr[39m
            [33mclass[39m=[32m""[39m
            [33mstyle[39m=[32m"background: rgba(56, 189, 248, 0.1); 
transition: background 0.4s ease;"[39m
          [36m>[39m
            [36m<td[39m
              [33mstyle[39m=[32m"padding: 0.75rem 0px;"[39m
            [36m>[39m
              [0mcue-1[0m
            [36m</td>[39m
            [36m<td />[39m
            [36m<td[39m
              [33mstyle[39m=[32m"text-align: right; font-weight: bold;"[39m
            [36m>[39m
              [36m<span[39m
                [33mclass[39m=[32m"animate-flicker"[39m
              [36m>[39m
                [0mSTANDBY[0m
              [36m</span>[39m
            [36m</td>[39m
          [36m</tr>[39m
          [36m<tr[39m
            [33mclass[39m=[32m""[39m
            [33mstyle[39m=[32m"background: transparent; transition: 
background 0.4s ease;"[39m
          [36m>[39m
            [36m<td[39m
              [33mstyle[39m=[32m"padding: 0.75rem 0px;"[39m
            [36m>[39m
              [0mcue-2[0m
            [36m</td>[39m
            [36m<td />[39m
            [36m<td[39m
              [33mstyle[39m=[32m"text-align: right; font-weight: bold;"[39m
            [36m>[39m
              [0m-[0m
            [36m</td>[39m
          [36m</tr>[39m
        [36m</tbody>[39m
      [36m</table>[39m
    [36m</div>[39m
  [36m</div>[39m
[36m</body>[39m
[90m [2mΓ¥»[22m Object.getElementError 
node_modules/@testing-library/dom/dist/config.js:[2m37:19[22m[39m
[90m [2mΓ¥»[22m getElementError 
node_modules/@testing-library/dom/dist/query-helpers.js:[2m20:35[22m[39m
[90m [2mΓ¥»[22m getMultipleElementsFoundError 
node_modules/@testing-library/dom/dist/query-helpers.js:[2m23:10[22m[39m
[90m [2mΓ¥»[22m 
node_modules/@testing-library/dom/dist/query-helpers.js:[2m55:13[22m[39m
[90m [2mΓ¥»[22m 
node_modules/@testing-library/dom/dist/query-helpers.js:[2m95:19[22m[39m
[36m [2mΓ¥»[22m src/components/ui/CueStack.test.tsx:[2m54:26[22m[39m
    [90m 52|[39m     [34mrender[39m([33m<[39m[33mCueStack[39m 
[33mcues[39m[33m=[39m[33m{[39mmockCues[33m}[39m 
[33mcurrentIndex[39m[33m=[39m[33m{[39m[34m0[39m[33m}[39m 
[33m/[39m[33m>[39m)[33m;[39m
    [90m 53|[39m
    [90m 54|[39m     [35mconst[39m table [33m=[39m 
screen[33m.[39m[34mgetByRole[39m([32m"table"[39m)[33m;[39m
    [90m   |[39m                          [31m^[39m
    [90m 55|[39m     
[34mexpect[39m(table)[33m.[39mnot[33m.[39m[34mtoBeNull[39m()[33m;[39m
    [90m 56|[39m   })[33m;[39m

[31m[2mΓÄ»ΓÄ»ΓÄ»ΓÄ»ΓÄ»ΓÄ»ΓÄ»ΓÄ»ΓÄ»ΓÄ»ΓÄ»ΓÄ»ΓÄ»ΓÄ»ΓÄ»ΓÄ»ΓÄ»ΓÄ»ΓÄ»ΓÄ»ΓÄ»ΓÄ»[11/
15]ΓÄ»[22m[39m

[41m[1m FAIL [22m[49m src/components/ui/NavBar.test.tsx[2m > [22mNavBar 
Component[2m > [22mcloses settings panel when onClose callback is called
[31m[1mTestingLibraryElementError[22m: Found multiple elements with the 
role "button" and name `/close settings/i`

Here are the matching elements:

Ignored nodes: comments, script, style
[36m<button[31m
  [33maria-label[31m=[32m"Close settings overlay"[31m
  [33mclass[31m=[32m"settings-backdrop"[31m
  [33mstyle[31m=[32m"position: absolute; inset: 0px; background: rgba(0, 0, 
0, 0.8); border: medium; padding: 0px; cursor: pointer;"[31m
  [33mtype[31m=[32m"button"[31m
[36m/>[31m

Ignored nodes: comments, script, style
[36m<button>[31m
  [0mClose Settings[0m
[36m</button>[31m

(If this is intentional, then use the `*AllBy*` variant of the query (like 
`queryAllByText`, `getAllByText`, or `findAllByText`)).

Ignored nodes: comments, script, style
[36m<body>[31m
  [36m<div>[31m
    [36m<nav[31m
      [33mclass[31m=[32m"nav-bar"[31m
    [36m>[31m
      [36m<button[31m
        [33maria-label[31m=[32m"Home"[31m
        [33mclass[31m=[32m"nav-item active"[31m
        [33mtype[31m=[32m"button"[31m
      [36m>[31m
        [36m<span>[31m
          [0m≡ƒÅá[0m
        [36m</span>[31m
        [36m<span>[31m
          [0mHome[0m
        [36m</span>[31m
      [36m</button>[31m
      [36m<button[31m
        [33maria-label[31m=[32m"Shows"[31m
        [33mclass[31m=[32m"nav-item "[31m
        [33mtype[31m=[32m"button"[31m
      [36m>[31m
        [36m<span>[31m
          [0m≡ƒÄ¡[0m
        [36m</span>[31m
        [36m<span>[31m
          [0mShows[0m
        [36m</span>[31m
      [36m</button>[31m
      [36m<button[31m
        [33maria-label[31m=[32m"Stories"[31m
        [33mclass[31m=[32m"nav-item "[31m
        [33mtype[31m=[32m"button"[31m
      [36m>[31m
        [36m<span>[31m
          [0m≡ƒôÜ[0m
        [36m</span>[31m
        [36m<span>[31m
          [0mStories[0m
        [36m</span>[31m
      [36m</button>[31m
      [36m<button[31m
        [33maria-label[31m=[32m"Open visual settings"[31m
        [33mclass[31m=[32m"nav-item"[31m
        [33mtype[31m=[32m"button"[31m
      [36m>[31m
        [36m<span>[31m
          [0mΓÜÖ∩╕Å[0m
        [36m</span>[31m
        [36m<span>[31m
          [0mSettings[0m
        [36m</span>[31m
      [36m</button>[31m
    [36m</nav>[31m
    [36m<div[31m
      [33mstyle[31m=[32m"position: fixed; inset: 0px; display: flex; 
align-items: center; justify-content: center; z-index: 1000;"[31m
    [36m>[31m
      [36m<button[31m
        [33maria-label[31m=[32m"Close settings overlay"[31m
        [33mclass[31m=[32m"settings-backdrop"[31m
        [33mstyle[31m=[32m"position: absolute; inset: 0px; background: 
rgba(0, 0, 0, 0.8); border: medium; padding: 0px; cursor: pointer;"[31m
        [33mtype[31m=[32m"button"[31m
      [36m/>[31m
      [36m<dialog[31m
        [33mopen[31m=[32m""[31m
        [33mstyle[31m=[32m"position: relative; z-index: 1; background: 
transparent; border: medium; padding: 0px; margin: 0px; display: block;"[31m
      [36m>[31m
        [36m<div[31m
          [33mdata-testid[31m=[32m"settings-panel"[31m
        [36m>[31m
          [36m<button>[31m
            [0mClose Settings[0m
          [36m</button>[31m
        [36m</div>[31m
      [36m</dialog>[31m
    [36m</div>[31m
  [36m</div>[31m
[36m</body>[31m[39m
[90m [2mΓ¥»[22m Object.getElementError 
node_modules/@testing-library/dom/dist/config.js:[2m37:19[22m[39m
[90m [2mΓ¥»[22m getElementError 
node_modules/@testing-library/dom/dist/query-helpers.js:[2m20:35[22m[39m
[90m [2mΓ¥»[22m getMultipleElementsFoundError 
node_modules/@testing-library/dom/dist/query-helpers.js:[2m23:10[22m[39m
[90m [2mΓ¥»[22m 
node_modules/@testing-library/dom/dist/query-helpers.js:[2m55:13[22m[39m
[90m [2mΓ¥»[22m 
node_modules/@testing-library/dom/dist/query-helpers.js:[2m95:19[22m[39m
[36m [2mΓ¥»[22m src/components/ui/NavBar.test.tsx:[2m99:32[22m[39m
    [90m 97|[39m     [34mexpect[39m(screen[33m.[39m[34mgetByTestId[39m(
[32m"settings-panel"[39m))[33m.[39mnot[33m.[39m[34mtoBeNull[39m()[33m;
[39m
    [90m 98|[39m
    [90m 99|[39m     const closeButton = screen.getByRole("button", { name: 
/close settΓÇª
    [90m   |[39m                                [31m^[39m
    [90m100|[39m     
fireEvent[33m.[39m[34mclick[39m(closeButton)[33m;[39m
    [90m101|[39m

[31m[2mΓÄ»ΓÄ»ΓÄ»ΓÄ»ΓÄ»ΓÄ»ΓÄ»ΓÄ»ΓÄ»ΓÄ»ΓÄ»ΓÄ»ΓÄ»ΓÄ»ΓÄ»ΓÄ»ΓÄ»ΓÄ»ΓÄ»ΓÄ»ΓÄ»ΓÄ»[12/
15]ΓÄ»[22m[39m

[41m[1m FAIL [22m[49m src/components/ui/SettingsPanel.test.tsx[2m > 
[22mSettingsPanel Component[2m > [22mrenders with proper attributes
[31m[1mTestingLibraryElementError[22m[39m: Found multiple elements with 
the role "dialog"

Here are the matching elements:

Ignored nodes: comments, script, style
[36m<dialog[39m
  [33maria-labelledby[39m=[32m"settings-title"[39m
  [33mclass[39m=[32m"surface-panel animate-pop"[39m
  [33mopen[39m=[32m""[39m
  [33mstyle[39m=[32m"max-width: 600px; width: 90vw; max-height: 90vh; 
overflow-y: auto; padding: 2rem; border-radius: 12px; background: 
var(--color-blueprint-bg); border: 2px solid var(--glass-border); box-shadow: 
0 20px 50px rgba(0,0,0,0.8);"[39m
[36m>[39m
  [36m<div[39m
    [33mstyle[39m=[32m"display: flex; justify-content: space-between; 
align-items: center; margin-bottom: 1rem;"[39m
  [36m>[39m
    [36m<h2[39m
      [33mclass[39m=[32m"annotation-text"[39m
      [33mid[39m=[32m"settings-title"[39m
      [33mstyle[39m=[32m"font-size: 1.8rem; margin: 0px;"[39m
    [36m>[39m
      [0mΓÜÖ∩╕Å Settings[0m
    [36m</h2>[39m
    [36m<button[39m
      [33mstyle[39m=[32m"background: none; border: medium; color: 
var(--color-pencil-light); font-size: 1.5rem; cursor: pointer;"[39m
    [36m>[39m
      [0mΓ£ò[0m
    [36m</button>[39m
  [36m</div>[39m
  [36m<div[39m
    [33mstyle[39m=[32m"padding: 1rem; background: 
var(--color-surface-translucent); border: 1px dashed var(--glass-border); 
border-radius: 8px; margin-bottom: 2rem; display: flex; flex-direction: 
column; gap: 0.8rem;"[39m
  [36m>[39m
    [36m<span[39m
      [33mclass[39m=[32m"annotation-text"[39m
      [33mstyle[39m=[32m"font-size: 0.9rem; opacity: 0.8;"[39m
    [36m>[39m
      [0mLive Preview:[0m
    [36m</span>[39m
    [36m<div[39m
      [33mstyle[39m=[32m"display: flex; gap: 0.5rem; flex-wrap: wrap;"[39m
    [36m>[39m
      [36m<div[39m
        [33mstyle[39m=[32m"flex: 1 1 0%; text-align: center; padding: 
0.5rem; background: var(--bui-fg-success); color: rgb(0, 0, 0); font-weight: 
bold; border-radius: 4px;"[39m
      [36m>[39m
        [0mSuccess[0m
      [36m</div>[39m
      [36m<div[39m
        [33mstyle[39m=[32m"flex: 1 1 0%; text-align: center; padding: 
0.5rem; background: var(--bui-fg-warning); color: rgb(0, 0, 0); font-weight: 
bold; border-radius: 4px;"[39m
      [36m>[39m
        [0mWarning[0m
      [36m</div>[39m
      [36m<div[39m
        [33mstyle[39m=[32m"flex: 1 1 0%; text-align: center; padding: 
0.5rem; background: var(--bui-fg-danger); color: rgb(0, 0, 0); font-weight: 
bold; border-radius: 4px;"[39m
      [36m>[39m
        [0mDanger[0m
      [36m</div>[39m
      [36m<div[39m
        [33mstyle[39m=[32m"flex: 1 1 0%; text-align: center; padding: 
0.5rem; background: var(--bui-fg-info); color: rgb(0, 0, 0); font-weight: 
bold; border-radius: 4px;"[39m
      [36m>[39m
        [0mInfo[0m
      [36m</div>[39m
    [36m</div>[39m
  [36m</div>[39m
  [36m<div[39m
    [33mstyle[39m=[32m"display: flex; flex-direction: column; gap: 
1.5rem;"[39m
  [36m>[39m
    [36m<div>[39m
      [36m<label[39m
        [33mclass[39m=[32m"annotation-text"[39m
        [33mfor[39m=[32m"theme-mode"[39m
        [33mstyle[39m=[32m"display: block; margin-bottom: 0.5rem;"[39m
      [36m>[39m
        [0mColor Theme[0m
      [36m</label>[39m
      [36m<select[39m
        [33mclass[39m=[32m"game-select"[39m
        [33mid[39m=[32m"theme-mode"[39m
      [36m>[39m
        [36m<option[39m
          [33mvalue[39m=[32m"dark"[39m
        [36m>[39m
          [0mBlueprint Dark (Default)[0m
        [36m</option>[39m
        [36m<option[39m
          [33mvalue[39m=[32m"light"[39m
        [36m>[39m
          [0mPaper Light[0m
        [36m</option>[39m
      [36m</select>[39m
    [36m</div>[39m
    [36m<div>[39m
      [36m<label[39m
        [33mclass[39m=[32m"annotation-text"[39m
        [33mfor[39m=[32m"contrast-mode"[39m
        [33mstyle[39m=[32m"display: block; margin-bottom: 0.5rem;"[39m
      [36m>[39m
        [0mContrast Mode[0m
      [36m</label>[39m
      [36m<select[39m
        [33mclass[39m=[32m"game-select"[39m
        [33mid[39m=[32m"contrast-mode"[39m
      [36m>[39m
        [36m<option[39m
          [33mvalue[39m=[32m"normal"[39m
        [36m>[39m
          [0mNormal[0m
        [36m</option>[39m
        [36m<option[39m
          [33mvalue[39m=[32m"high"[39m
        [36m>[39m
          [0mHigh Contrast[0m
        [36m</option>[39m
      [36m</select>[39m
    [36m</div>[39m
    [36m<div>[39m
      [36m<label[39m
        [33mclass[39m=[32m"annotation-text"[39m
        [33mfor[39m=[32m"color-blind-mode"[39m
        [33mstyle[39m=[32m"display: block; margin-bottom: 0.5rem;"[39m
      [36m>[39m
        [0mColor Blind Filter[0m
      [36m</label>[39m
      [36m<select[39m
        [33mclass[39m=[32m"game-select"[39m
        [33mid[39m=[32m"color-blind-mode"[39m
      [36m>[39m
        [36m<option[39m
          [33mvalue[39m=[32m"none"[39m
        [36m>[39m
          [0mNone[0m
        [36m</option>[39m
        [36m<option[39m
          [33mvalue[39m=[32m"protanopia"[39m
        [36m>[39m
          [0mProtanopia (Red-Blind)[0m
        [36m</option>[39m
        [36m<option[39m
          [33mvalue[39m=[32m"deuteranopia"[39m
        [36m>[39m
          [0mDeuteranopia (Green-Blind)[0m
        [36m</option>[39m
        [36m<option[39m
          [33mvalue[39m=[32m"tritanopia"[39m
        [36m>[39m
          [0mTritanopia (Blue-Blind)[0m
        [36m</option>[39m
      [36m</select>[39m
    [36m</div>[39m
    [36m<div>[39m
      [36m<label[39m
        [33mclass[39m=[32m"annotation-text"[39m
        [33mfor[39m=[32m"font-size"[39m
        [33mstyle[39m=[32m"display: block; margin-bottom: 0.5rem;"[39m
      [36m>[39m
        [0mFont Size[0m
      [36m</label>[39m
      [36m<select[39m
        [33mclass[39m=[32m"game-select"[39m
        [33mid[39m=[32m"font-size"[39m
      [36m>[39m
        [36m<option[39m
          [33mvalue[39m=[32m"small"[39m
        [36m>[39m
          [0mSmall (0.875x)[0m
        [36m</option>[39m
        [36m<option[39m
          [33mvalue[39m=[32m"medium"[39m
        [36m>[39m
          [0mMedium (1x)[0m
        [36m</option>[39m
        [36m<option[39m
          [33mvalue[39m=[32m"large"[39m
        [36m>[39m
          [0mLarge (1.25x)[0m
        [36m</option>[39m
        [36m<option[39m
          [33mvalue[39m=[32m"extra-large"[39m
        [36m>[39m
          [0mExtra Large (1.5x)[0m
        [36m</option>[39m
      [36m</select>[39m
    [36m</div>[39m
    [36m<div>[39m
      [36m<label[39m
        [33mclass[39m=[32m"annotation-text"[39m
        [33mfor[39m=[32m"font-family"[39m
        [33mstyle[39m=[32m"display: block; margin-bottom: 0.5rem;"[39m
      [36m>[39m
        [0mFont Family[0m
      [36m</label>[39m
      [36m<select[39m
        [33mclass[39m=[32m"game-select"[39m
        [33mid[39m=[32m"font-family"[39m
      [36m>[39m
        [36m<option[39m
          [33mvalue[39m=[32m"system"[39m
        [36m>[39m
          [0mSystem Default[0m
        [36m</option>[39m
        [36m<option[39m
          [33mvalue[39m=[32m"serif"[39m
        [36m>[39m
          [0mSerif (High Legibility)[0m
        [36m</option>[39m
        [36m<option[39m
          [33mvalue[39m=[32m"monospace"[39m
        [36m>[39m
          [0mMonospace (Terminal Style)[0m
        [36m</option>[39m
      [36m</select>[39m
    [36m</div>[39m
    [36m<div>[39m
      [36m<label[39m
        [33mclass[39m=[32m"annotation-text"[39m
        [33mfor[39m=[32m"motion-preference"[39m
        [33mstyle[39m=[32m"display: block; margin-bottom: 0.5rem;"[39m
      [36m>[39m
        [0mAnimation Preferences[0m
      [36m</label>[39m
      [36m<select[39m
        [33mclass[39m=[32m"game-select"[39m
        [33mid[39m=[32m"motion-preference"[39m
      [36m>[39m
        [36m<option[39m
          [33mvalue[39m=[32m"full"[39m
        [36m>[39m
          [0mFull Animations[0m
        [36m</option>[39m
        [36m<option[39m
          [33mvalue[39m=[32m"reduced"[39m
        [36m>[39m
          [0mReduced Motion[0m
        [36m</option>[39m
      [36m</select>[39m
    [36m</div>[39m
  [36m</div>[39m
  [36m<div[39m
    [33mstyle[39m=[32m"display: flex; margin-top: 2rem; border-top: 1px 
solid var(--glass-border); padding-top: 1.5rem;"[39m
  [36m>[39m
    [36m<button[39m
      [33mclass[39m=[32m"btn-hover-effect "[39m
      [33mstyle[39m=[32m"padding: 0.75rem 1.5rem; border-radius: 
var(--radius-sm); font-weight: bold; font-family: var(--font-mono); cursor: 
pointer; transition: all 0.2s ease; opacity: 1; border: 2px solid rgb(74, 85, 
104); outline: none; background: rgb(45, 55, 72); width: 100%; color: rgb(255, 
255, 255);"[39m
      [33mtype[39m=[32m"button"[39m
    [36m>[39m
      [0m≡ƒöä Reset to Defaults[0m
    [36m</button>[39m
  [36m</div>[39m
[36m</dialog>[39m

Ignored nodes: comments, script, style
[36m<dialog[39m
  [33maria-labelledby[39m=[32m"settings-title"[39m
  [33mclass[39m=[32m"surface-panel animate-pop"[39m
  [33mopen[39m=[32m""[39m
  [33mstyle[39m=[32m"max-width: 600px; width: 90vw; max-height: 90vh; 
overflow-y: auto; padding: 2rem; border-radius: 12px; background: 
var(--color-blueprint-bg); border: 2px solid var(--glass-border); box-shadow: 
0 20px 50px rgba(0,0,0,0.8);"[39m
[36m>[39m
  [36m<div[39m
    [33mstyle[39m=[32m"display: flex; justify-content: space-between; 
align-items: center; margin-bottom: 1rem;"[39m
  [36m>[39m
    [36m<h2[39m
      [33mclass[39m=[32m"annotation-text"[39m
      [33mid[39m=[32m"settings-title"[39m
      [33mstyle[39m=[32m"font-size: 1.8rem; margin: 0px;"[39m
    [36m>[39m
      [0mΓÜÖ∩╕Å Settings[0m
    [36m</h2>[39m
    [36m<button[39m
      [33mstyle[39m=[32m"background: none; border: medium; color: 
var(--color-pencil-light); font-size: 1.5rem; cursor: pointer;"[39m
    [36m>[39m
      [0mΓ£ò[0m
    [36m</button>[39m
  [36m</div>[39m
  [36m<div[39m
    [33mstyle[39m=[32m"padding: 1rem; background: 
var(--color-surface-translucent); border: 1px dashed var(--glass-border); 
border-radius: 8px; margin-bottom: 2rem; display: flex; flex-direction: 
column; gap: 0.8rem;"[39m
  [36m>[39m
    [36m<span[39m
      [33mclass[39m=[32m"annotation-text"[39m
      [33mstyle[39m=[32m"font-size: 0.9rem; opacity: 0.8;"[39m
    [36m>[39m
      [0mLive Preview:[0m
    [36m</span>[39m
    [36m<div[39m
      [33mstyle[39m=[32m"display: flex; gap: 0.5rem; flex-wrap: wrap;"[39m
    [36m>[39m
      [36m<div[39m
        [33mstyle[39m=[32m"flex: 1 1 0%; text-align: center; padding: 
0.5rem; background: var(--bui-fg-success); color: rgb(0, 0, 0); font-weight: 
bold; border-radius: 4px;"[39m
      [36m>[39m
        [0mSuccess[0m
      [36m</div>[39m
      [36m<div[39m
        [33mstyle[39m=[32m"flex: 1 1 0%; text-align: center; padding: 
0.5rem; background: var(--bui-fg-warning); color: rgb(0, 0, 0); font-weight: 
bold; border-radius: 4px;"[39m
      [36m>[39m
        [0mWarning[0m
      [36m</div>[39m
      [36m<div[39m
        [33mstyle[39m=[32m"flex: 1 1 0%; text-align: center; padding: 
0.5rem; background: var(--bui-fg-danger); color: rgb(0, 0, 0); font-weight: 
bold; border-radius: 4px;"[39m
      [36m>[39m
        [0mDanger[0m
      [36m</div>[39m
      [36m<div[39m
        [33mstyle[39m=[32m"flex: 1 1 0%; text-align: center; padding: 
0.5rem; background: var(--bui-fg-info); color: rgb(0, 0, 0); font-weight: 
bold; border-radius: 4px;"[39m
      [36m>[39m
        [0mInfo[0m
      [36m</div>[39m
    [36m</div>[39m
  [36m</div>[39m
  [36m<div[39m
    [33mstyle[39m=[32m"display: flex; flex-direction: column; gap: 
1.5rem;"[39m
  [36m>[39m
    [36m<div>[39m
      [36m<label[39m
        [33mclass[39m=[32m"annotation-text"[39m
        [33mfor[39m=[32m"theme-mode"[39m
        [33mstyle[39m=[32m"display: block; margin-bottom: 0.5rem;"[39m
      [36m>[39m
        [0mColor Theme[0m
      [36m</label>[39m
      [36m<select[39m
        [33mclass[39m=[32m"game-select"[39m
        [33mid[39m=[32m"theme-mode"[39m
      [36m>[39m
        [36m<option[39m
          [33mvalue[39m=[32m"dark"[39m
        [36m>[39m
          [0mBlueprint Dark (Default)[0m
        [36m</option>[39m
        [36m<option[39m
          [33mvalue[39m=[32m"light"[39m
        [36m>[39m
          [0mPaper Light[0m
        [36m</option>[39m
      [36m</select>[39m
    [36m</div>[39m
    [36m<div>[39m
      [36m<label[39m
        [33mclass[39m=[32m"annotation-text"[39m
        [33mfor[39m=[32m"contrast-mode"[39m
        [33mstyle[39m=[32m"display: block; margin-bottom: 0.5rem;"[39m
      [36m>[39m
        [0mContrast Mode[0m
      [36m</label>[39m
      [36m<select[39m
        [33mclass[39m=[32m"game-select"[39m
        [33mid[39m=[32m"contrast-mode"[39m
      [36m>[39m
        [36m<option[39m
          [33mvalue[39m=[32m"normal"[39m
        [36m>[39m
          [0mNormal[0m
        [36m</option>[39m
        [36m<option[39m
          [33mvalue[39m=[32m"high"[39m
        [36m>[39m
          [0mHigh Contrast[0m
        [36m</option>[39m
      [36m</select>[39m
    [36m</div>[39m
    [36m<div>[39m
      [36m<label[39m
        [33mclass[39m=[32m"annotation-text"[39m
        [33mfor[39m=[32m"color-blind-mode"[39m
        [33mstyle[39m=[32m"display: block; margin-bottom: 0.5rem;"[39m
      [36m>[39m
        [0mColor Blind Filter[0m
      [36m</label>[39m
      [36m<select[39m
        [33mclass[39m=[32m"game-select"[39m
        [33mid[39m=[32m"color-blind-mode"[39m
      [36m>[39m
        [36m<option[39m
          [33mvalue[39m=[32m"none"[39m
        [36m>[39m
          [0mNone[0m
        [36m</option>[39m
        [36m<option[39m
          [33mvalue[39m=[32m"protanopia"[39m
        [36m>[39m
          [0mProtanopia (Red-Blind)[0m
        [36m</option>[39m
        [36m<option[39m
          [33mvalue[39m=[32m"deuteranopia"[39m
        [36m>[39m
          [0mDeuteranopia (Green-Blind)[0m
        [36m</option>[39m
        [36m<option[39m
          [33mvalue[39m=[32m"tritanopia"[39m
        [36m>[39m
          [0mTritanopia (Blue-Blind)[0m
        [36m</option>[39m
      [36m</select>[39m
    [36m</div>[39m
    [36m<div>[39m
      [36m<label[39m
        [33mclass[39m=[32m"annotation-text"[39m
        [33mfor[39m=[32m"font-size"[39m
        [33mstyle[39m=[32m"display: block; margin-bottom: 0.5rem;"[39m
      [36m>[39m
        [0mFont Size[0m
      [36m</label>[39m
      [36m<select[39m
        [33mclass[39m=[32m"game-select"[39m
        [33mid[39m=[32m"font-size"[39m
      [36m>[39m
        [36m<option[39m
          [33mvalue[39m=[32m"small"[39m
        [36m>[39m
          [0mSmall (0.875x)[0m
        [36m</option>[39m
        [36m<option[39m
          [33mvalue[39m=[32m"medium"[39m
        [36m>[39m
          [0mMedium (1x)[0m
        [36m</option>[39m
        [36m<option[39m
          [33mvalue[39m=[32m"large"[39m
        [36m>[39m
          [0mLarge (1.25x)[0m
        [36m</option>[39m
        [36m<option[39m
          [33mvalue[39m=[32m"extra-large"[39m
        [36m>[39m
          [0mExtra Large (1.5x)[0m
        [36m</option>[39m
      [36m</select>[39m
    [36m</div>[39m
    [36m<div>[39m
      [36m<label[39m
        [33mclass[39m=[32m"annotation-text"[39m
        [33mfor[39m=[32m"font-family"[39m
        [33mstyle[39m=[32m"display: block; margin-bottom: 0.5rem;"[39m
      [36m>[39m
        [0mFont Family[0m
      [36m</label>[39m
      [36m<select[39m
        [33mclass[39m=[32m"game-select"[39m
        [33mid[39m=[32m"font-family"[39m
      [36m>[39m
        [36m<option[39m
          [33mvalue[39m=[32m"system"[39m
        [36m>[39m
          [0mSystem Default[0m
        [36m</option>[39m
        [36m<option[39m
          [33mvalue[39m=[32m"serif"[39m
        [36m>[39m
          [0mSerif (High Legibility)[0m
        [36m</option>[39m
        [36m<option[39m
          [33mvalue[39m=[32m"monospace"[39m
        [36m>[39m
          [0mMonospace (Terminal Style)[0m
        [36m</option>[39m
      [36m</select>[39m
    [36m</div>[39m
    [36m<div>[39m
      [36m<label[39m
        [33mclass[39m=[32m"annotation-text"[39m
        [33mfor[39m=[32m"motion-preference"[39m
        [33mstyle[39m=[32m"display: block; margin-bottom: 0.5rem;"[39m
      [36m>[39m
        [0mAnimation Preferences[0m
      [36m</label>[39m
      [36m<select[39m
        [33mclass[39m=[32m"game-select"[39m
        [33mid[39m=[32m"motion-preference"[39m
      [36m>[39m
        [36m<option[39m
          [33mvalue[39m=[32m"full"[39m
        [36m>[39m
          [0mFull Animations[0m
        [36m</option>[39m
        [36m<option[39m
          [33mvalue[39m=[32m"reduced"[39m
        [36m>[39m
          [0mReduced Motion[0m
        [36m</option>[39m
      [36m</select>[39m
    [36m</div>[39m
  [36m</div>[39m
  [36m<div[39m
    [33mstyle[39m=[32m"display: flex; margin-top: 2rem; border-top: 1px 
solid var(--glass-border); padding-top: 1.5rem;"[39m
  [36m>[39m
    [36m<button[39m
      [33mclass[39m=[32m"btn-hover-effect "[39m
      [33mstyle[39m=[32m"padding: 0.75rem 1.5rem; border-radius: 
var(--radius-sm); font-weight: bold; font-family: var(--font-mono); cursor: 
pointer; transition: all 0.2s ease; opacity: 1; border: 2px solid rgb(74, 85, 
104); outline: none; background: rgb(45, 55, 72); width: 100%; color: rgb(255, 
255, 255);"[39m
      [33mtype[39m=[32m"button"[39m
    [36m>[39m
      [0m≡ƒöä Reset to Defaults[0m
    [36m</button>[39m
  [36m</div>[39m
[36m</dialog>[39m

(If this is intentional, then use the `*AllBy*` variant of the query (like 
`queryAllByText`, `getAllByText`, or `findAllByText`)).

Ignored nodes: comments, script, style
[36m<body>[39m
  [36m<div>[39m
    [36m<dialog[39m
      [33maria-labelledby[39m=[32m"settings-title"[39m
      [33mclass[39m=[32m"surface-panel animate-pop"[39m
      [33mopen[39m=[32m""[39m
      [33mstyle[39m=[32m"max-width: 600px; width: 90vw; max-height: 90vh; 
overflow-y: auto; padding: 2rem; border-radius: 12px; background: 
var(--color-blueprint-bg); border: 2px solid var(--glass-border); box-shadow: 
0 20px 50px rgba(0,0,0,0.8);"[39m
    [36m>[39m
      [36m<div[39m
        [33mstyle[39m=[32m"display: flex; justify-content: space-between; 
align-items: center; margin-bottom: 1rem;"[39m
      [36m>[39m
        [36m<h2[39m
          [33mclass[39m=[32m"annotation-text"[39m
          [33mid[39m=[32m"settings-title"[39m
          [33mstyle[39m=[32m"font-size: 1.8rem; margin: 0px;"[39m
        [36m>[39m
          [0mΓÜÖ∩╕Å Settings[0m
        [36m</h2>[39m
        [36m<button[39m
          [33mstyle[39m=[32m"background: none; border: medium; color: 
var(--color-pencil-light); font-size: 1.5rem; cursor: pointer;"[39m
        [36m>[39m
          [0mΓ£ò[0m
        [36m</button>[39m
      [36m</div>[39m
      [36m<div[39m
        [33mstyle[39m=[32m"padding: 1rem; background: 
var(--color-surface-translucent); border: 1px dashed var(--glass-border); 
border-radius: 8px; margin-bottom: 2rem; display: flex; flex-direction: 
column; gap: 0.8rem;"[39m
      [36m>[39m
        [36m<span[39m
          [33mclass[39m=[32m"annotation-text"[39m
          [33mstyle[39m=[32m"font-size: 0.9rem; opacity: 0.8;"[39m
        [36m>[39m
          [0mLive Preview:[0m
        [36m</span>[39m
        [36m<div[39m
          [33mstyle[39m=[32m"display: flex; gap: 0.5rem; flex-wrap: 
wrap;"[39m
        [36m>[39m
          [36m<div[39m
            [33mstyle[39m=[32m"flex: 1 1 0%; text-align: center; padding: 
0.5rem; background: var(--bui-fg-success); color: rgb(0, 0, 0); font-weight: 
bold; border-radius: 4px;"[39m
          [36m>[39m
            [0mSuccess[0m
          [36m</div>[39m
          [36m<div[39m
            [33mstyle[39m=[32m"flex: 1 1 0%; text-align: center; padding: 
0.5rem; background: var(--bui-fg-warning); color: rgb(0, 0, 0); font-weight: 
bold; border-radius: 4px;"[39m
          [36m>[39m
            [0mWarning[0m
          [36m</div>[39m
          [36m<div[39m
            [33mstyle[39m=[32m"flex: 1 1 0%; text-align: center; padding: 
0.5rem; background: var(--bui-fg-danger); color: rgb(0, 0, 0); font-weight: 
bold; border-radius: 4px;"[39m
          [36m>[39m
            [0mDanger[0m
          [36m</div>[39m
          [36m<div[39m
            [33mstyle[39m=[32m"flex: 1 1 0%; text-align: center; padding: 
0.5rem; background: var(--bui-fg-info); color: rgb(0, 0, 0); font-weight: 
bold; border-radius: 4px;"[39m
          [36m>[39m
            [0mInfo[0m
          [36m</div>[39m
        [36m</div>[39m
      [36m</div>[39m
      [36m<div[39m
        [33mstyle[39m=[32m"display: flex; flex-direction: column; gap: 
1.5rem;"[39m
      [36m>[39m
        [36m<div>[39m
          [36m<label[39m
            [33mclass[39m=[32m"annotation-text"[39m
            [33mfor[39m=[32m"theme-mode"[39m
            [33mstyle[39m=[32m"display: block; margin-bottom: 0.5rem;"[39m
          [36m>[39m
            [0mColor Theme[0m
          [36m</label>[39m
          [36m<select[39m
            [33mclass[39m=[32m"game-select"[39m
            [33mid[39m=[32m"theme-mode"[39m
          [36m>[39m
            [36m<option[39m
              [33mvalue[39m=[32m"dark"[39m
            [36m>[39m
              [0mBlueprint Dark (Default)[0m
            [36m</option>[39m
            [36m<option[39m
              [33mvalue[39m=[32m"light"[39m
            [36m>[39m
              [0mPaper Light[0m
            [36m</option>[39m
          [36m</select>[39m
        [36m</div>[39m
        [36m<div>[39m
          [36m<label[39m
            [33mclass[39m=[32m"annotation-text"[39m
            [33mfor[39m=[32m"contrast-mode"[39m
            [33mstyle[39m=[32m"display: block; margin-bottom: 0.5rem;"[39m
          [36m>[39m
            [0mContrast Mode[0m
          [36m</label>[39m
          [36m<select[39m
            [33mclass[39m=[32m"game-select"[39m
            [33mid[39m=[32m"contrast-mode"[39m
          [36m>[39m
            [36m<option[39m
              [33mvalue[39m=[32m"normal"[39m
            [36m>[39m
              [0mNormal[0m
            [36m</option>[39m
            [36m<option[39m
              [33mvalue[39m=[32m"high"[39m
            [36m>[39m
              [0mHigh Contrast[0m
            [36m</option>[39m
          [36m</select>[39m
        [36m</div>[39m
        [36m<div>[39m
          [36m<label[39m
            [33mclass[39m=[32m"annotation-text"[39m
            [33mfor[39m=[32m"color-blind-mode"[39m
            [33mstyle[39m=[32m"display: block; margin-bottom: 0.5rem;"[39m
          [36m>[39m
            [0mColor Blind Filter[0m
          [36m</label>[39m
          [36m<select[39m
            [33mclass[39m=[32m"game-select"[39m
            [33mid[39m=[32m"color-blind-mode"[39m
          [36m>[39m
            [36m<option[39m
              [33mvalue[39m=[32m"none"[39m
            [36m>[39m
              [0mNone[0m
            [36m</option>[39m
            [36m<option[39m
              [33mvalue[39m=[32m"protanopia"[39m
            [36m>[39m
              [0mProtanopia (Red-Blind)[0m
            [36m</option>[39m
            [36m<option[39m
              [33mvalue[39m=[32m"deuteranopia"[39m
            [36m>[39m
              [0mDeuteranopia (Green-Blind)[0m
            [36m</option>[39m
            [36m<option[39m
              [33mvalue[39m=[32m"tritanopia"[39m
            [36m>[39m
              [0mTritanopia (Blue-Blind)[0m
            [36m</option>[39m
          [36m</select>[39m
        [36m</div>[39m
        [36m<div>[39m
          [36m<label[39m
            [33mclass[39m=[32m"annotation-text"[39m
            [33mfor[39m=[32m"font-size"[39m
            [33mstyle[39m=[32m"display: block; margin-bottom: 0.5rem;"[39m
          [36m>[39m
            [0mFont Size[0m
          [36m</label>[39m
          [36m<select[39m
            [33mclass[39m=[32m"game-select"[39m
            [33mid[39m=[32m"font-size"[39m
          [36m>[39m
            [36m<option[39m
              [33mvalue[39m=[32m"small"[39m
            [36m>[39m
              [0mSmall (0.875x)[0m
            [36m</option>[39m
            [36m<option[39m
              [33mvalue[39m=[32m"medium"[39m
            [36m>[39m
              [0mMedium (1x)[0m
            [36m</option>[39m
            [36m<option[39m
              [33mvalue[39m=[32m"large"[39m
      ...
[90m [2mΓ¥»[22m Object.getElementError 
node_modules/@testing-library/dom/dist/config.js:[2m37:19[22m[39m
[90m [2mΓ¥»[22m getElementError 
node_modules/@testing-library/dom/dist/query-helpers.js:[2m20:35[22m[39m
[90m [2mΓ¥»[22m getMultipleElementsFoundError 
node_modules/@testing-library/dom/dist/query-helpers.js:[2m23:10[22m[39m
[90m [2mΓ¥»[22m 
node_modules/@testing-library/dom/dist/query-helpers.js:[2m55:13[22m[39m
[90m [2mΓ¥»[22m 
node_modules/@testing-library/dom/dist/query-helpers.js:[2m95:19[22m[39m
[36m [2mΓ¥»[22m src/components/ui/SettingsPanel.test.tsx:[2m31:26[22m[39m
    [90m 29|[39m     [34mrender[39m([33m<[39m[33mSettingsPanel[39m 
[33monClose[39m[33m=[39m[33m{[39mmockOnClose[33m}[39m 
[33m/[39m[33m>[39m)[33m;[39m
    [90m 30|[39m
    [90m 31|[39m     [35mconst[39m panel [33m=[39m 
screen[33m.[39m[34mgetByRole[39m([32m"dialog"[39m)[33m;[39m
    [90m   |[39m                          [31m^[39m
    [90m 32|[39m     [34mexpect[39m(panel)[33m.[39m[34mtoHaveAttribute[
39m([32m"open"[39m)[33m;[39m
    [90m 33|[39m   })[33m;[39m

[31m[2mΓÄ»ΓÄ»ΓÄ»ΓÄ»ΓÄ»ΓÄ»ΓÄ»ΓÄ»ΓÄ»ΓÄ»ΓÄ»ΓÄ»ΓÄ»ΓÄ»ΓÄ»ΓÄ»ΓÄ»ΓÄ»ΓÄ»ΓÄ»ΓÄ»ΓÄ»[13/
15]ΓÄ»[22m[39m

[41m[1m FAIL [22m[49m src/components/ui/SettingsPanel.test.tsx[2m > 
[22mSettingsPanel Component[2m > [22mrenders without error when onClose is 
undefined
[31m[1mTestingLibraryElementError[22m[39m: Found multiple elements with 
the role "dialog"

Here are the matching elements:

Ignored nodes: comments, script, style
[36m<dialog[39m
  [33maria-labelledby[39m=[32m"settings-title"[39m
  [33mclass[39m=[32m"surface-panel animate-pop"[39m
  [33mopen[39m=[32m""[39m
  [33mstyle[39m=[32m"max-width: 600px; width: 90vw; max-height: 90vh; 
overflow-y: auto; padding: 2rem; border-radius: 12px; background: 
var(--color-blueprint-bg); border: 2px solid var(--glass-border); box-shadow: 
0 20px 50px rgba(0,0,0,0.8);"[39m
[36m>[39m
  [36m<div[39m
    [33mstyle[39m=[32m"display: flex; justify-content: space-between; 
align-items: center; margin-bottom: 1rem;"[39m
  [36m>[39m
    [36m<h2[39m
      [33mclass[39m=[32m"annotation-text"[39m
      [33mid[39m=[32m"settings-title"[39m
      [33mstyle[39m=[32m"font-size: 1.8rem; margin: 0px;"[39m
    [36m>[39m
      [0mΓÜÖ∩╕Å Settings[0m
    [36m</h2>[39m
    [36m<button[39m
      [33mstyle[39m=[32m"background: none; border: medium; color: 
var(--color-pencil-light); font-size: 1.5rem; cursor: pointer;"[39m
    [36m>[39m
      [0mΓ£ò[0m
    [36m</button>[39m
  [36m</div>[39m
  [36m<div[39m
    [33mstyle[39m=[32m"padding: 1rem; background: 
var(--color-surface-translucent); border: 1px dashed var(--glass-border); 
border-radius: 8px; margin-bottom: 2rem; display: flex; flex-direction: 
column; gap: 0.8rem;"[39m
  [36m>[39m
    [36m<span[39m
      [33mclass[39m=[32m"annotation-text"[39m
      [33mstyle[39m=[32m"font-size: 0.9rem; opacity: 0.8;"[39m
    [36m>[39m
      [0mLive Preview:[0m
    [36m</span>[39m
    [36m<div[39m
      [33mstyle[39m=[32m"display: flex; gap: 0.5rem; flex-wrap: wrap;"[39m
    [36m>[39m
      [36m<div[39m
        [33mstyle[39m=[32m"flex: 1 1 0%; text-align: center; padding: 
0.5rem; background: var(--bui-fg-success); color: rgb(0, 0, 0); font-weight: 
bold; border-radius: 4px;"[39m
      [36m>[39m
        [0mSuccess[0m
      [36m</div>[39m
      [36m<div[39m
        [33mstyle[39m=[32m"flex: 1 1 0%; text-align: center; padding: 
0.5rem; background: var(--bui-fg-warning); color: rgb(0, 0, 0); font-weight: 
bold; border-radius: 4px;"[39m
      [36m>[39m
        [0mWarning[0m
      [36m</div>[39m
      [36m<div[39m
        [33mstyle[39m=[32m"flex: 1 1 0%; text-align: center; padding: 
0.5rem; background: var(--bui-fg-danger); color: rgb(0, 0, 0); font-weight: 
bold; border-radius: 4px;"[39m
      [36m>[39m
        [0mDanger[0m
      [36m</div>[39m
      [36m<div[39m
        [33mstyle[39m=[32m"flex: 1 1 0%; text-align: center; padding: 
0.5rem; background: var(--bui-fg-info); color: rgb(0, 0, 0); font-weight: 
bold; border-radius: 4px;"[39m
      [36m>[39m
        [0mInfo[0m
      [36m</div>[39m
    [36m</div>[39m
  [36m</div>[39m
  [36m<div[39m
    [33mstyle[39m=[32m"display: flex; flex-direction: column; gap: 
1.5rem;"[39m
  [36m>[39m
    [36m<div>[39m
      [36m<label[39m
        [33mclass[39m=[32m"annotation-text"[39m
        [33mfor[39m=[32m"theme-mode"[39m
        [33mstyle[39m=[32m"display: block; margin-bottom: 0.5rem;"[39m
      [36m>[39m
        [0mColor Theme[0m
      [36m</label>[39m
      [36m<select[39m
        [33mclass[39m=[32m"game-select"[39m
        [33mid[39m=[32m"theme-mode"[39m
      [36m>[39m
        [36m<option[39m
          [33mvalue[39m=[32m"dark"[39m
        [36m>[39m
          [0mBlueprint Dark (Default)[0m
        [36m</option>[39m
        [36m<option[39m
          [33mvalue[39m=[32m"light"[39m
        [36m>[39m
          [0mPaper Light[0m
        [36m</option>[39m
      [36m</select>[39m
    [36m</div>[39m
    [36m<div>[39m
      [36m<label[39m
        [33mclass[39m=[32m"annotation-text"[39m
        [33mfor[39m=[32m"contrast-mode"[39m
        [33mstyle[39m=[32m"display: block; margin-bottom: 0.5rem;"[39m
      [36m>[39m
        [0mContrast Mode[0m
      [36m</label>[39m
      [36m<select[39m
        [33mclass[39m=[32m"game-select"[39m
        [33mid[39m=[32m"contrast-mode"[39m
      [36m>[39m
        [36m<option[39m
          [33mvalue[39m=[32m"normal"[39m
        [36m>[39m
          [0mNormal[0m
        [36m</option>[39m
        [36m<option[39m
          [33mvalue[39m=[32m"high"[39m
        [36m>[39m
          [0mHigh Contrast[0m
        [36m</option>[39m
      [36m</select>[39m
    [36m</div>[39m
    [36m<div>[39m
      [36m<label[39m
        [33mclass[39m=[32m"annotation-text"[39m
        [33mfor[39m=[32m"color-blind-mode"[39m
        [33mstyle[39m=[32m"display: block; margin-bottom: 0.5rem;"[39m
      [36m>[39m
        [0mColor Blind Filter[0m
      [36m</label>[39m
      [36m<select[39m
        [33mclass[39m=[32m"game-select"[39m
        [33mid[39m=[32m"color-blind-mode"[39m
      [36m>[39m
        [36m<option[39m
          [33mvalue[39m=[32m"none"[39m
        [36m>[39m
          [0mNone[0m
        [36m</option>[39m
        [36m<option[39m
          [33mvalue[39m=[32m"protanopia"[39m
        [36m>[39m
          [0mProtanopia (Red-Blind)[0m
        [36m</option>[39m
        [36m<option[39m
          [33mvalue[39m=[32m"deuteranopia"[39m
        [36m>[39m
          [0mDeuteranopia (Green-Blind)[0m
        [36m</option>[39m
        [36m<option[39m
          [33mvalue[39m=[32m"tritanopia"[39m
        [36m>[39m
          [0mTritanopia (Blue-Blind)[0m
        [36m</option>[39m
      [36m</select>[39m
    [36m</div>[39m
    [36m<div>[39m
      [36m<label[39m
        [33mclass[39m=[32m"annotation-text"[39m
        [33mfor[39m=[32m"font-size"[39m
        [33mstyle[39m=[32m"display: block; margin-bottom: 0.5rem;"[39m
      [36m>[39m
        [0mFont Size[0m
      [36m</label>[39m
      [36m<select[39m
        [33mclass[39m=[32m"game-select"[39m
        [33mid[39m=[32m"font-size"[39m
      [36m>[39m
        [36m<option[39m
          [33mvalue[39m=[32m"small"[39m
        [36m>[39m
          [0mSmall (0.875x)[0m
        [36m</option>[39m
        [36m<option[39m
          [33mvalue[39m=[32m"medium"[39m
        [36m>[39m
          [0mMedium (1x)[0m
        [36m</option>[39m
        [36m<option[39m
          [33mvalue[39m=[32m"large"[39m
        [36m>[39m
          [0mLarge (1.25x)[0m
        [36m</option>[39m
        [36m<option[39m
          [33mvalue[39m=[32m"extra-large"[39m
        [36m>[39m
          [0mExtra Large (1.5x)[0m
        [36m</option>[39m
      [36m</select>[39m
    [36m</div>[39m
    [36m<div>[39m
      [36m<label[39m
        [33mclass[39m=[32m"annotation-text"[39m
        [33mfor[39m=[32m"font-family"[39m
        [33mstyle[39m=[32m"display: block; margin-bottom: 0.5rem;"[39m
      [36m>[39m
        [0mFont Family[0m
      [36m</label>[39m
      [36m<select[39m
        [33mclass[39m=[32m"game-select"[39m
        [33mid[39m=[32m"font-family"[39m
      [36m>[39m
        [36m<option[39m
          [33mvalue[39m=[32m"system"[39m
        [36m>[39m
          [0mSystem Default[0m
        [36m</option>[39m
        [36m<option[39m
          [33mvalue[39m=[32m"serif"[39m
        [36m>[39m
          [0mSerif (High Legibility)[0m
        [36m</option>[39m
        [36m<option[39m
          [33mvalue[39m=[32m"monospace"[39m
        [36m>[39m
          [0mMonospace (Terminal Style)[0m
        [36m</option>[39m
      [36m</select>[39m
    [36m</div>[39m
    [36m<div>[39m
      [36m<label[39m
        [33mclass[39m=[32m"annotation-text"[39m
        [33mfor[39m=[32m"motion-preference"[39m
        [33mstyle[39m=[32m"display: block; margin-bottom: 0.5rem;"[39m
      [36m>[39m
        [0mAnimation Preferences[0m
      [36m</label>[39m
      [36m<select[39m
        [33mclass[39m=[32m"game-select"[39m
        [33mid[39m=[32m"motion-preference"[39m
      [36m>[39m
        [36m<option[39m
          [33mvalue[39m=[32m"full"[39m
        [36m>[39m
          [0mFull Animations[0m
        [36m</option>[39m
        [36m<option[39m
          [33mvalue[39m=[32m"reduced"[39m
        [36m>[39m
          [0mReduced Motion[0m
        [36m</option>[39m
      [36m</select>[39m
    [36m</div>[39m
  [36m</div>[39m
  [36m<div[39m
    [33mstyle[39m=[32m"display: flex; margin-top: 2rem; border-top: 1px 
solid var(--glass-border); padding-top: 1.5rem;"[39m
  [36m>[39m
    [36m<button[39m
      [33mclass[39m=[32m"btn-hover-effect "[39m
      [33mstyle[39m=[32m"padding: 0.75rem 1.5rem; border-radius: 
var(--radius-sm); font-weight: bold; font-family: var(--font-mono); cursor: 
pointer; transition: all 0.2s ease; opacity: 1; border: 2px solid rgb(74, 85, 
104); outline: none; background: rgb(45, 55, 72); width: 100%; color: rgb(255, 
255, 255);"[39m
      [33mtype[39m=[32m"button"[39m
    [36m>[39m
      [0m≡ƒöä Reset to Defaults[0m
    [36m</button>[39m
  [36m</div>[39m
[36m</dialog>[39m

Ignored nodes: comments, script, style
[36m<dialog[39m
  [33maria-labelledby[39m=[32m"settings-title"[39m
  [33mclass[39m=[32m"surface-panel animate-pop"[39m
  [33mopen[39m=[32m""[39m
  [33mstyle[39m=[32m"max-width: 600px; width: 90vw; max-height: 90vh; 
overflow-y: auto; padding: 2rem; border-radius: 12px; background: 
var(--color-blueprint-bg); border: 2px solid var(--glass-border); box-shadow: 
0 20px 50px rgba(0,0,0,0.8);"[39m
[36m>[39m
  [36m<div[39m
    [33mstyle[39m=[32m"display: flex; justify-content: space-between; 
align-items: center; margin-bottom: 1rem;"[39m
  [36m>[39m
    [36m<h2[39m
      [33mclass[39m=[32m"annotation-text"[39m
      [33mid[39m=[32m"settings-title"[39m
      [33mstyle[39m=[32m"font-size: 1.8rem; margin: 0px;"[39m
    [36m>[39m
      [0mΓÜÖ∩╕Å Settings[0m
    [36m</h2>[39m
    [36m<button[39m
      [33mstyle[39m=[32m"background: none; border: medium; color: 
var(--color-pencil-light); font-size: 1.5rem; cursor: pointer;"[39m
    [36m>[39m
      [0mΓ£ò[0m
    [36m</button>[39m
  [36m</div>[39m
  [36m<div[39m
    [33mstyle[39m=[32m"padding: 1rem; background: 
var(--color-surface-translucent); border: 1px dashed var(--glass-border); 
border-radius: 8px; margin-bottom: 2rem; display: flex; flex-direction: 
column; gap: 0.8rem;"[39m
  [36m>[39m
    [36m<span[39m
      [33mclass[39m=[32m"annotation-text"[39m
      [33mstyle[39m=[32m"font-size: 0.9rem; opacity: 0.8;"[39m
    [36m>[39m
      [0mLive Preview:[0m
    [36m</span>[39m
    [36m<div[39m
      [33mstyle[39m=[32m"display: flex; gap: 0.5rem; flex-wrap: wrap;"[39m
    [36m>[39m
      [36m<div[39m
        [33mstyle[39m=[32m"flex: 1 1 0%; text-align: center; padding: 
0.5rem; background: var(--bui-fg-success); color: rgb(0, 0, 0); font-weight: 
bold; border-radius: 4px;"[39m
      [36m>[39m
        [0mSuccess[0m
      [36m</div>[39m
      [36m<div[39m
        [33mstyle[39m=[32m"flex: 1 1 0%; text-align: center; padding: 
0.5rem; background: var(--bui-fg-warning); color: rgb(0, 0, 0); font-weight: 
bold; border-radius: 4px;"[39m
      [36m>[39m
        [0mWarning[0m
      [36m</div>[39m
      [36m<div[39m
        [33mstyle[39m=[32m"flex: 1 1 0%; text-align: center; padding: 
0.5rem; background: var(--bui-fg-danger); color: rgb(0, 0, 0); font-weight: 
bold; border-radius: 4px;"[39m
      [36m>[39m
        [0mDanger[0m
      [36m</div>[39m
      [36m<div[39m
        [33mstyle[39m=[32m"flex: 1 1 0%; text-align: center; padding: 
0.5rem; background: var(--bui-fg-info); color: rgb(0, 0, 0); font-weight: 
bold; border-radius: 4px;"[39m
      [36m>[39m
        [0mInfo[0m
      [36m</div>[39m
    [36m</div>[39m
  [36m</div>[39m
  [36m<div[39m
    [33mstyle[39m=[32m"display: flex; flex-direction: column; gap: 
1.5rem;"[39m
  [36m>[39m
    [36m<div>[39m
      [36m<label[39m
        [33mclass[39m=[32m"annotation-text"[39m
        [33mfor[39m=[32m"theme-mode"[39m
        [33mstyle[39m=[32m"display: block; margin-bottom: 0.5rem;"[39m
      [36m>[39m
        [0mColor Theme[0m
      [36m</label>[39m
      [36m<select[39m
        [33mclass[39m=[32m"game-select"[39m
        [33mid[39m=[32m"theme-mode"[39m
      [36m>[39m
        [36m<option[39m
          [33mvalue[39m=[32m"dark"[39m
        [36m>[39m
          [0mBlueprint Dark (Default)[0m
        [36m</option>[39m
        [36m<option[39m
          [33mvalue[39m=[32m"light"[39m
        [36m>[39m
          [0mPaper Light[0m
        [36m</option>[39m
      [36m</select>[39m
    [36m</div>[39m
    [36m<div>[39m
      [36m<label[39m
        [33mclass[39m=[32m"annotation-text"[39m
        [33mfor[39m=[32m"contrast-mode"[39m
        [33mstyle[39m=[32m"display: block; margin-bottom: 0.5rem;"[39m
      [36m>[39m
        [0mContrast Mode[0m
      [36m</label>[39m
      [36m<select[39m
        [33mclass[39m=[32m"game-select"[39m
        [33mid[39m=[32m"contrast-mode"[39m
      [36m>[39m
        [36m<option[39m
          [33mvalue[39m=[32m"normal"[39m
        [36m>[39m
          [0mNormal[0m
        [36m</option>[39m
        [36m<option[39m
          [33mvalue[39m=[32m"high"[39m
        [36m>[39m
          [0mHigh Contrast[0m
        [36m</option>[39m
      [36m</select>[39m
    [36m</div>[39m
    [36m<div>[39m
      [36m<label[39m
        [33mclass[39m=[32m"annotation-text"[39m
        [33mfor[39m=[32m"color-blind-mode"[39m
        [33mstyle[39m=[32m"display: block; margin-bottom: 0.5rem;"[39m
      [36m>[39m
        [0mColor Blind Filter[0m
      [36m</label>[39m
      [36m<select[39m
        [33mclass[39m=[32m"game-select"[39m
        [33mid[39m=[32m"color-blind-mode"[39m
      [36m>[39m
        [36m<option[39m
          [33mvalue[39m=[32m"none"[39m
        [36m>[39m
          [0mNone[0m
        [36m</option>[39m
        [36m<option[39m
          [33mvalue[39m=[32m"protanopia"[39m
        [36m>[39m
          [0mProtanopia (Red-Blind)[0m
        [36m</option>[39m
        [36m<option[39m
          [33mvalue[39m=[32m"deuteranopia"[39m
        [36m>[39m
          [0mDeuteranopia (Green-Blind)[0m
        [36m</option>[39m
        [36m<option[39m
          [33mvalue[39m=[32m"tritanopia"[39m
        [36m>[39m
          [0mTritanopia (Blue-Blind)[0m
        [36m</option>[39m
      [36m</select>[39m
    [36m</div>[39m
    [36m<div>[39m
      [36m<label[39m
        [33mclass[39m=[32m"annotation-text"[39m
        [33mfor[39m=[32m"font-size"[39m
        [33mstyle[39m=[32m"display: block; margin-bottom: 0.5rem;"[39m
      [36m>[39m
        [0mFont Size[0m
      [36m</label>[39m
      [36m<select[39m
        [33mclass[39m=[32m"game-select"[39m
        [33mid[39m=[32m"font-size"[39m
      [36m>[39m
        [36m<option[39m
          [33mvalue[39m=[32m"small"[39m
        [36m>[39m
          [0mSmall (0.875x)[0m
        [36m</option>[39m
        [36m<option[39m
          [33mvalue[39m=[32m"medium"[39m
        [36m>[39m
          [0mMedium (1x)[0m
        [36m</option>[39m
        [36m<option[39m
          [33mvalue[39m=[32m"large"[39m
        [36m>[39m
          [0mLarge (1.25x)[0m
        [36m</option>[39m
        [36m<option[39m
          [33mvalue[39m=[32m"extra-large"[39m
        [36m>[39m
          [0mExtra Large (1.5x)[0m
        [36m</option>[39m
      [36m</select>[39m
    [36m</div>[39m
    [36m<div>[39m
      [36m<label[39m
        [33mclass[39m=[32m"annotation-text"[39m
        [33mfor[39m=[32m"font-family"[39m
        [33mstyle[39m=[32m"display: block; margin-bottom: 0.5rem;"[39m
      [36m>[39m
        [0mFont Family[0m
      [36m</label>[39m
      [36m<select[39m
        [33mclass[39m=[32m"game-select"[39m
        [33mid[39m=[32m"font-family"[39m
      [36m>[39m
        [36m<option[39m
          [33mvalue[39m=[32m"system"[39m
        [36m>[39m
          [0mSystem Default[0m
        [36m</option>[39m
        [36m<option[39m
          [33mvalue[39m=[32m"serif"[39m
        [36m>[39m
          [0mSerif (High Legibility)[0m
        [36m</option>[39m
        [36m<option[39m
          [33mvalue[39m=[32m"monospace"[39m
        [36m>[39m
          [0mMonospace (Terminal Style)[0m
        [36m</option>[39m
      [36m</select>[39m
    [36m</div>[39m
    [36m<div>[39m
      [36m<label[39m
        [33mclass[39m=[32m"annotation-text"[39m
        [33mfor[39m=[32m"motion-preference"[39m
        [33mstyle[39m=[32m"display: block; margin-bottom: 0.5rem;"[39m
      [36m>[39m
        [0mAnimation Preferences[0m
      [36m</label>[39m
      [36m<select[39m
        [33mclass[39m=[32m"game-select"[39m
        [33mid[39m=[32m"motion-preference"[39m
      [36m>[39m
        [36m<option[39m
          [33mvalue[39m=[32m"full"[39m
        [36m>[39m
          [0mFull Animations[0m
        [36m</option>[39m
        [36m<option[39m
          [33mvalue[39m=[32m"reduced"[39m
        [36m>[39m
          [0mReduced Motion[0m
        [36m</option>[39m
      [36m</select>[39m
    [36m</div>[39m
  [36m</div>[39m
  [36m<div[39m
    [33mstyle[39m=[32m"display: flex; margin-top: 2rem; border-top: 1px 
solid var(--glass-border); padding-top: 1.5rem;"[39m
  [36m>[39m
    [36m<button[39m
      [33mclass[39m=[32m"btn-hover-effect "[39m
      [33mstyle[39m=[32m"padding: 0.75rem 1.5rem; border-radius: 
var(--radius-sm); font-weight: bold; font-family: var(--font-mono); cursor: 
pointer; transition: all 0.2s ease; opacity: 1; border: 2px solid rgb(74, 85, 
104); outline: none; background: rgb(45, 55, 72); width: 100%; color: rgb(255, 
255, 255);"[39m
      [33mtype[39m=[32m"button"[39m
    [36m>[39m
      [0m≡ƒöä Reset to Defaults[0m
    [36m</button>[39m
  [36m</div>[39m
[36m</dialog>[39m

Ignored nodes: comments, script, style
[36m<dialog[39m
  [33maria-labelledby[39m=[32m"settings-title"[39m
  [33mclass[39m=[32m"surface-panel animate-pop"[39m
  [33mopen[39m=[32m""[39m
  [33mstyle[39m=[32m"max-width: 600px; width: 90vw; max-height: 90vh; 
overflow-y: auto; padding: 2rem; border-radius: 12px; background: 
var(--color-blueprint-bg); border: 2px solid var(--glass-border); box-shadow: 
0 20px 50px rgba(0,0,0,0.8);"[39m
[36m>[39m
  [36m<div[39m
    [33mstyle[39m=[32m"display: flex; justify-content: space-between; 
align-items: center; margin-bottom: 1rem;"[39m
  [36m>[39m
    [36m<h2[39m
      [33mclass[39m=[32m"annotation-text"[39m
      [33mid[39m=[32m"settings-title"[39m
      [33mstyle[39m=[32m"font-size: 1.8rem; margin: 0px;"[39m
    [36m>[39m
      [0mΓÜÖ∩╕Å Settings[0m
    [36m</h2>[39m
  [36m</div>[39m
  [36m<div[39m
    [33mstyle[39m=[32m"padding: 1rem; background: 
var(--color-surface-translucent); border: 1px dashed var(--glass-border); 
border-radius: 8px; margin-bottom: 2rem; display: flex; flex-direction: 
column; gap: 0.8rem;"[39m
  [36m>[39m
    [36m<span[39m
      [33mclass[39m=[32m"annotation-text"[39m
      [33mstyle[39m=[32m"font-size: 0.9rem; opacity: 0.8;"[39m
    [36m>[39m
      [0mLive Preview:[0m
    [36m</span>[39m
    [36m<div[39m
      [33mstyle[39m=[32m"display: flex; gap: 0.5rem; flex-wrap: wrap;"[39m
    [36m>[39m
      [36m<div[39m
        [33mstyle[39m=[32m"flex: 1 1 0%; text-align: center; padding: 
0.5rem; background: var(--bui-fg-success); color: rgb(0, 0, 0); font-weight: 
bold; border-radius: 4px;"[39m
      [36m>[39m
        [0mSuccess[0m
      [36m</div>[39m
      [36m<div[39m
        [33mstyle[39m=[32m"flex: 1 1 0%; text-align: center; padding: 
0.5rem; background: var(--bui-fg-warning); color: rgb(0, 0, 0); font-weight: 
bold; border-radius: 4px;"[39m
      [36m>[39m
        [0mWarning[0m
      [36m</div>[39m
      [36m<div[39m
        [33mstyle[39m=[32m"flex: 1 1 0%; text-align: center; padding: 
0.5rem; background: var(--bui-fg-danger); color: rgb(0, 0, 0); font-weight: 
bold; border-radius: 4px;"[39m
      [36m>[39m
        [0mDanger[0m
      [36m</div>[39m
      [36m<div[39m
        [33mstyle[39m=[32m"flex: 1 1 0%; text-align: center; padding: 
0.5rem; background: var(--bui-fg-info); color: rgb(0, 0, 0); font-weight: 
bold; border-radius: 4px;"[39m
      [36m>[39m
        [0mInfo[0m
      [36m</div>[39m
    [36m</div>[39m
  [36m</div>[39m
  [36m<div[39m
    [33mstyle[39m=[32m"display: flex; flex-direction: column; gap: 
1.5rem;"[39m
  [36m>[39m
    [36m<div>[39m
      [36m<label[39m
        [33mclass[39m=[32m"annotation-text"[39m
        [33mfor[39m=[32m"theme-mode"[39m
        [33mstyle[39m=[32m"display: block; margin-bottom: 0.5rem;"[39m
      [36m>[39m
        [0mColor Theme[0m
      [36m</label>[39m
      [36m<select[39m
        [33mclass[39m=[32m"game-select"[39m
        [33mid[39m=[32m"theme-mode"[39m
      [36m>[39m
        [36m<option[39m
          [33mvalue[39m=[32m"dark"[39m
        [36m>[39m
          [0mBlueprint Dark (Default)[0m
        [36m</option>[39m
        [36m<option[39m
          [33mvalue[39m=[32m"light"[39m
        [36m>[39m
          [0mPaper Light[0m
        [36m</option>[39m
      [36m</select>[39m
    [36m</div>[39m
    [36m<div>[39m
      [36m<label[39m
        [33mclass[39m=[32m"annotation-text"[39m
        [33mfor[39m=[32m"contrast-mode"[39m
        [33mstyle[39m=[32m"display: block; margin-bottom: 0.5rem;"[39m
      [36m>[39m
        [0mContrast Mode[0m
      [36m</label>[39m
      [36m<select[39m
        [33mclass[39m=[32m"game-select"[39m
        [33mid[39m=[32m"contrast-mode"[39m
      [36m>[39m
        [36m<option[39m
          [33mvalue[39m=[32m"normal"[39m
        [36m>[39m
          [0mNormal[0m
        [36m</option>[39m
        [36m<option[39m
          [33mvalue[39m=[32m"high"[39m
        [36m>[39m
          [0mHigh Contrast[0m
        [36m</option>[39m
      [36m</select>[39m
    [36m</div>[39m
    [36m<div>[39m
      [36m<label[39m
        [33mclass[39m=[32m"annotation-text"[39m
        [33mfor[39m=[32m"color-blind-mode"[39m
        [33mstyle[39m=[32m"display: block; margin-bottom: 0.5rem;"[39m
      [36m>[39m
        [0mColor Blind Filter[0m
      [36m</label>[39m
      [36m<select[39m
        [33mclass[39m=[32m"game-select"[39m
        [33mid[39m=[32m"color-blind-mode"[39m
      [36m>[39m
        [36m<option[39m
          [33mvalue[39m=[32m"none"[39m
        [36m>[39m
          [0mNone[0m
        [36m</option>[39m
        [36m<option[39m
          [33mvalue[39m=[32m"protanopia"[39m
        [36m>[39m
          [0mProtanopia (Red-Blind)[0m
        [36m</option>[39m
        [36m<option[39m
          [33mvalue[39m=[32m"deuteranopia"[39m
        [36m>[39m
          [0mDeuteranopia (Green-Blind)[0m
        [36m</option>[39m
        [36m<option[39m
          [33mvalue[39m=[32m"tritanopia"[39m
        [36m>[39m
          [0mTritanopia (Blue-Blind)[0m
        [36m</option>[39m
      [36m</select>[39m
    [36m</div>[39m
    [36m<div>[39m
      [36m<label[39m
        [33mclass[39m=[32m"annotation-text"[39m
        [33mfor[39m=[32m"font-size"[39m
        [33mstyle[39m=[32m"display: block; margin-bottom: 0.5rem;"[39m
      [36m>[39m
        [0mFont Size[0m
      [36m</label>[39m
      [36m<select[39m
        [33mclass[39m=[32m"game-select"[39m
        [33mid[39m=[32m"font-size"[39m
      [36m>[39m
        [36m<option[39m
          [33mvalue[39m=[32m"small"[39m
        [36m>[39m
          [0mSmall (0.875x)[0m
        [36m</option>[39m
        [36m<option[39m
          [33mvalue[39m=[32m"medium"[39m
        [36m>[39m
          [0mMedium (1x)[0m
        [36m</option>[39m
        [36m<option[39m
          [33mvalue[39m=[32m"large"[39m
        [36m>[39m
          [0mLarge (1.25x)[0m
        [36m</option>[39m
        [36m<option[39m
          [33mvalue[39m=[32m"extra-large"[39m
        [36m>[39m
          [0mExtra Large (1.5x)[0m
        [36m</option>[39m
      [36m</select>[39m
    [36m</div>[39m
    [36m<div>[39m
      [36m<label[39m
        [33mclass[39m=[32m"annotation-text"[39m
        [33mfor[39m=[32m"font-family"[39m
        [33mstyle[39m=[32m"display: block; margin-bottom: 0.5rem;"[39m
      [36m>[39m
        [0mFont Family[0m
      [36m</label>[39m
      [36m<select[39m
        [33mclass[39m=[32m"game-select"[39m
        [33mid[39m=[32m"font-family"[39m
      [36m>[39m
        [36m<option[39m
          [33mvalue[39m=[32m"system"[39m
        [36m>[39m
          [0mSystem Default[0m
        [36m</option>[39m
        [36m<option[39m
          [33mvalue[39m=[32m"serif"[39m
        [36m>[39m
          [0mSerif (High Legibility)[0m
        [36m</option>[39m
        [36m<option[39m
          [33mvalue[39m=[32m"monospace"[39m
        [36m>[39m
          [0mMonospace (Terminal Style)[0m
        [36m</option>[39m
      [36m</select>[39m
    [36m</div>[39m
    [36m<div>[39m
      [36m<label[39m
        [33mclass[39m=[32m"annotation-text"[39m
        [33mfor[39m=[32m"motion-preference"[39m
        [33mstyle[39m=[32m"display: block; margin-bottom: 0.5rem;"[39m
      [36m>[39m
        [0mAnimation Preferences[0m
      [36m</label>[39m
      [36m<select[39m
        [33mclass[39m=[32m"game-select"[39m
        [33mid[39m=[32m"motion-preference"[39m
      [36m>[39m
        [36m<option[39m
          [33mvalue[39m=[32m"full"[39m
        [36m>[39m
          [0mFull Animations[0m
        [36m</option>[39m
        [36m<option[39m
          [33mvalue[39m=[32m"reduced"[39m
        [36m>[39m
          [0mReduced Motion[0m
        [36m</option>[39m
      [36m</select>[39m
    [36m</div>[39m
  [36m</div>[39m
  [36m<div[39m
    [33mstyle[39m=[32m"display: flex; margin-top: 2rem; border-top: 1px 
solid var(--glass-border); padding-top: 1.5rem;"[39m
  [36m>[39m
    [36m<button[39m
      [33mclass[39m=[32m"btn-hover-effect "[39m
      [33mstyle[39m=[32m"padding: 0.75rem 1.5rem; border-radius: 
var(--radius-sm); font-weight: bold; font-family: var(--font-mono); cursor: 
pointer; transition: all 0.2s ease; opacity: 1; border: 2px solid rgb(74, 85, 
104); outline: none; background: rgb(45, 55, 72); width: 100%; color: rgb(255, 
255, 255);"[39m
      [33mtype[39m=[32m"button"[39m
    [36m>[39m
      [0m≡ƒöä Reset to Defaults[0m
    [36m</button>[39m
  [36m</div>[39m
[36m</dialog>[39m

(If this is intentional, then use the `*AllBy*` variant of the query (like 
`queryAllByText`, `getAllByText`, or `findAllByText`)).

Ignored nodes: comments, script, style
[36m<body>[39m
  [36m<div>[39m
    [36m<dialog[39m
      [33maria-labelledby[39m=[32m"settings-title"[39m
      [33mclass[39m=[32m"surface-panel animate-pop"[39m
      [33mopen[39m=[32m""[39m
      [33mstyle[39m=[32m"max-width: 600px; width: 90vw; max-height: 90vh; 
overflow-y: auto; padding: 2rem; border-radius: 12px; background: 
var(--color-blueprint-bg); border: 2px solid var(--glass-border); box-shadow: 
0 20px 50px rgba(0,0,0,0.8);"[39m
    [36m>[39m
      [36m<div[39m
        [33mstyle[39m=[32m"display: flex; justify-content: space-between; 
align-items: center; margin-bottom: 1rem;"[39m
      [36m>[39m
        [36m<h2[39m
          [33mclass[39m=[32m"annotation-text"[39m
          [33mid[39m=[32m"settings-title"[39m
          [33mstyle[39m=[32m"font-size: 1.8rem; margin: 0px;"[39m
        [36m>[39m
          [0mΓÜÖ∩╕Å Settings[0m
        [36m</h2>[39m
        [36m<button[39m
          [33mstyle[39m=[32m"background: none; border: medium; color: 
var(--color-pencil-light); font-size: 1.5rem; cursor: pointer;"[39m
        [36m>[39m
          [0mΓ£ò[0m
        [36m</button>[39m
      [36m</div>[39m
      [36m<div[39m
        [33mstyle[39m=[32m"padding: 1rem; background: 
var(--color-surface-translucent); border: 1px dashed var(--glass-border); 
border-radius: 8px; margin-bottom: 2rem; display: flex; flex-direction: 
column; gap: 0.8rem;"[39m
      [36m>[39m
        [36m<span[39m
          [33mclass[39m=[32m"annotation-text"[39m
          [33mstyle[39m=[32m"font-size: 0.9rem; opacity: 0.8;"[39m
        [36m>[39m
          [0mLive Preview:[0m
        [36m</span>[39m
        [36m<div[39m
          [33mstyle[39m=[32m"display: flex; gap: 0.5rem; flex-wrap: 
wrap;"[39m
        [36m>[39m
          [36m<div[39m
            [33mstyle[39m=[32m"flex: 1 1 0%; text-align: center; padding: 
0.5rem; background: var(--bui-fg-success); color: rgb(0, 0, 0); font-weight: 
bold; border-radius: 4px;"[39m
          [36m>[39m
            [0mSuccess[0m
          [36m</div>[39m
          [36m<div[39m
            [33mstyle[39m=[32m"flex: 1 1 0%; text-align: center; padding: 
0.5rem; background: var(--bui-fg-warning); color: rgb(0, 0, 0); font-weight: 
bold; border-radius: 4px;"[39m
          [36m>[39m
            [0mWarning[0m
          [36m</div>[39m
          [36m<div[39m
            [33mstyle[39m=[32m"flex: 1 1 0%; text-align: center; padding: 
0.5rem; background: var(--bui-fg-danger); color: rgb(0, 0, 0); font-weight: 
bold; border-radius: 4px;"[39m
          [36m>[39m
            [0mDanger[0m
          [36m</div>[39m
          [36m<div[39m
            [33mstyle[39m=[32m"flex: 1 1 0%; text-align: center; padding: 
0.5rem; background: var(--bui-fg-info); color: rgb(0, 0, 0); font-weight: 
bold; border-radius: 4px;"[39m
          [36m>[39m
            [0mInfo[0m
          [36m</div>[39m
        [36m</div>[39m
      [36m</div>[39m
      [36m<div[39m
        [33mstyle[39m=[32m"display: flex; flex-direction: column; gap: 
1.5rem;"[39m
      [36m>[39m
        [36m<div>[39m
          [36m<label[39m
            [33mclass[39m=[32m"annotation-text"[39m
            [33mfor[39m=[32m"theme-mode"[39m
            [33mstyle[39m=[32m"display: block; margin-bottom: 0.5rem;"[39m
          [36m>[39m
            [0mColor Theme[0m
          [36m</label>[39m
          [36m<select[39m
            [33mclass[39m=[32m"game-select"[39m
            [33mid[39m=[32m"theme-mode"[39m
          [36m>[39m
            [36m<option[39m
              [33mvalue[39m=[32m"dark"[39m
            [36m>[39m
              [0mBlueprint Dark (Default)[0m
            [36m</option>[39m
            [36m<option[39m
              [33mvalue[39m=[32m"light"[39m
            [36m>[39m
              [0mPaper Light[0m
            [36m</option>[39m
          [36m</select>[39m
        [36m</div>[39m
        [36m<div>[39m
          [36m<label[39m
            [33mclass[39m=[32m"annotation-text"[39m
            [33mfor[39m=[32m"contrast-mode"[39m
            [33mstyle[39m=[32m"display: block; margin-bottom: 0.5rem;"[39m
          [36m>[39m
            [0mContrast Mode[0m
          [36m</label>[39m
          [36m<select[39m
            [33mclass[39m=[32m"game-select"[39m
            [33mid[39m=[32m"contrast-mode"[39m
          [36m>[39m
            [36m<option[39m
              [33mvalue[39m=[32m"normal"[39m
            [36m>[39m
              [0mNormal[0m
            [36m</option>[39m
            [36m<option[39m
              [33mvalue[39m=[32m"high"[39m
            [36m>[39m
              [0mHigh Contrast[0m
            [36m</option>[39m
          [36m</select>[39m
        [36m</div>[39m
        [36m<div>[39m

[2m Test Files [22m [1m[31m8 failed[39m[22m[2m | [22m[1m[32m19 passed[39m[22m[90m (27)[39m
[2m      Tests [22m [1m[31m15 failed[39m[22m[2m | [22m[1m[32m68 passed[39m[22m[90m (83)[39m
[2m   Start at [22m 21:32:18
[2m   Duration [22m 5.85s[2m (transform 2.91s, setup 0ms, import 12.86s, tests 5.39s, environment 53.56s)[22m

          [36m<label[39m
            [33mclass[39m=[32m"annotation-text"[39m
            [33mfor[39m=[32m"color-blind-mode"[39m
            [33mstyle[39m=[32m"display: block; margin-bottom: 0.5rem;"[39m
          [36m>[39m
            [0mColor Blind Filter[0m
          [36m</label>[39m
          [36m<select[39m
            [33mclass[39m=[32m"game-select"[39m
            [33mid[39m=[32m"color-blind-mode"[39m
          [36m>[39m
            [36m<option[39m
              [33mvalue[39m=[32m"none"[39m
            [36m>[39m
              [0mNone[0m
            [36m</option>[39m
            [36m<option[39m
              [33mvalue[39m=[32m"protanopia"[39m
            [36m>[39m
              [0mProtanopia (Red-Blind)[0m
            [36m</option>[39m
            [36m<option[39m
              [33mvalue[39m=[32m"deuteranopia"[39m
            [36m>[39m
              [0mDeuteranopia (Green-Blind)[0m
            [36m</option>[39m
            [36m<option[39m
              [33mvalue[39m=[32m"tritanopia"[39m
            [36m>[39m
              [0mTritanopia (Blue-Blind)[0m
            [36m</option>[39m
          [36m</select>[39m
        [36m</div>[39m
        [36m<div>[39m
          [36m<label[39m
            [33mclass[39m=[32m"annotation-text"[39m
            [33mfor[39m=[32m"font-size"[39m
            [33mstyle[39m=[32m"display: block; margin-bottom: 0.5rem;"[39m
          [36m>[39m
            [0mFont Size[0m
          [36m</label>[39m
          [36m<select[39m
            [33mclass[39m=[32m"game-select"[39m
            [33mid[39m=[32m"font-size"[39m
          [36m>[39m
            [36m<option[39m
              [33mvalue[39m=[32m"small"[39m
            [36m>[39m
              [0mSmall (0.875x)[0m
            [36m</option>[39m
            [36m<option[39m
              [33mvalue[39m=[32m"medium"[39m
            [36m>[39m
              [0mMedium (1x)[0m
            [36m</option>[39m
            [36m<option[39m
              [33mvalue[39m=[32m"large"[39m
      ...
[90m [2mΓ¥»[22m Object.getElementError 
node_modules/@testing-library/dom/dist/config.js:[2m37:19[22m[39m
[90m [2mΓ¥»[22m getElementError 
node_modules/@testing-library/dom/dist/query-helpers.js:[2m20:35[22m[39m
[90m [2mΓ¥»[22m getMultipleElementsFoundError 
node_modules/@testing-library/dom/dist/query-helpers.js:[2m23:10[22m[39m
[90m [2mΓ¥»[22m 
node_modules/@testing-library/dom/dist/query-helpers.js:[2m55:13[22m[39m
[90m [2mΓ¥»[22m 
node_modules/@testing-library/dom/dist/query-helpers.js:[2m95:19[22m[39m
[36m [2mΓ¥»[22m src/components/ui/SettingsPanel.test.tsx:[2m38:26[22m[39m
    [90m 36|[39m     [34mrender[39m([33m<[39m[33mSettingsPanel[39m 
[33m/[39m[33m>[39m)[33m;[39m
    [90m 37|[39m
    [90m 38|[39m     [35mconst[39m panel [33m=[39m 
screen[33m.[39m[34mgetByRole[39m([32m"dialog"[39m)[33m;[39m
    [90m   |[39m                          [31m^[39m
    [90m 39|[39m     
[34mexpect[39m(panel)[33m.[39mnot[33m.[39m[34mtoBeNull[39m()[33m;[39m
    [90m 40|[39m   })[33m;[39m

[31m[2mΓÄ»ΓÄ»ΓÄ»ΓÄ»ΓÄ»ΓÄ»ΓÄ»ΓÄ»ΓÄ»ΓÄ»ΓÄ»ΓÄ»ΓÄ»ΓÄ»ΓÄ»ΓÄ»ΓÄ»ΓÄ»ΓÄ»ΓÄ»ΓÄ»ΓÄ»[14/
15]ΓÄ»[22m[39m

